Archive member included to satisfy reference by file (symbol)

C:/devkitPro/libnds/lib\libfat.a(libfat.o)
                              main.o (fatInitDefault)
C:/devkitPro/libnds/lib\libfat.a(partition.o)
                              C:/devkitPro/libnds/lib\libfat.a(libfat.o) (_FAT_partition_constructor)
C:/devkitPro/libnds/lib\libfat.a(lock.o)
                              C:/devkitPro/libnds/lib\libfat.a(partition.o) (_FAT_lock_init)
C:/devkitPro/libnds/lib\libfat.a(fatdir.o)
                              C:/devkitPro/libnds/lib\libfat.a(libfat.o) (_FAT_stat_r)
C:/devkitPro/libnds/lib\libfat.a(cache.o)
                              C:/devkitPro/libnds/lib\libfat.a(partition.o) (_FAT_cache_constructor)
C:/devkitPro/libnds/lib\libfat.a(fatfile.o)
                              C:/devkitPro/libnds/lib\libfat.a(libfat.o) (_FAT_open_r)
C:/devkitPro/libnds/lib\libfat.a(disc.o)
                              C:/devkitPro/libnds/lib\libfat.a(libfat.o) (_FAT_disc_interfaces)
C:/devkitPro/libnds/lib\libfat.a(file_allocation_table.o)
                              C:/devkitPro/libnds/lib\libfat.a(fatfile.o) (_FAT_fat_nextCluster)
C:/devkitPro/libnds/lib\libfat.a(filetime.o)
                              C:/devkitPro/libnds/lib\libfat.a(fatdir.o) (_FAT_filetime_getTimeFromRTC)
C:/devkitPro/libnds/lib\libfat.a(directory.o)
                              C:/devkitPro/libnds/lib\libfat.a(fatdir.o) (_FAT_directory_entryGetCluster)
C:/devkitPro/libnds/lib\libnds9.a(keys.o)
                              main.o (scanKeys)
C:/devkitPro/libnds/lib\libnds9.a(console.o)
                              main.o (consoleDemoInit)
C:/devkitPro/libnds/lib\libnds9.a(touch.o)
                              main.o (touchRead)
C:/devkitPro/libnds/lib\libnds9.a(background.o)
                              C:/devkitPro/libnds/lib\libnds9.a(console.o) (bgState)
C:/devkitPro/libnds/lib\libnds9.a(dldi.o)
                              C:/devkitPro/libnds/lib\libfat.a(disc.o) (dldiGetInternal)
C:/devkitPro/libnds/lib\libnds9.a(sd.twl.o)
                              C:/devkitPro/libnds/lib\libfat.a(disc.o) (__io_dsisd)
C:/devkitPro/libnds/lib\libnds9.a(securearea.o)
                              c:/devkitpro/devkitarm/bin/../lib/gcc/arm-none-eabi/7.1.0/../../../../arm-none-eabi/lib/thumb/ds_arm9_crt0.o (__secure_area__)
C:/devkitPro/libnds/lib\libnds9.a(initSystem.o)
                              c:/devkitpro/devkitarm/bin/../lib/gcc/arm-none-eabi/7.1.0/../../../../arm-none-eabi/lib/thumb/ds_arm9_crt0.o (initSystem)
C:/devkitPro/libnds/lib\libnds9.a(fifosystem.o)
                              C:/devkitPro/libnds/lib\libnds9.a(initSystem.o) (fifoSetValue32Handler)
C:/devkitPro/libnds/lib\libnds9.a(libnds_exit.arm.o)
                              c:/devkitpro/devkitarm/bin/../lib/gcc/arm-none-eabi/7.1.0/../../../../arm-none-eabi/lib/thumb/ds_arm9_crt0.o (__libnds_exit)
C:/devkitPro/libnds/lib\libnds9.a(interrupts.o)
                              C:/devkitPro/libnds/lib\libnds9.a(fifosystem.o) (irqSet)
C:/devkitPro/libnds/lib\libnds9.a(dcache.o)
                              C:/devkitPro/libnds/lib\libnds9.a(sd.twl.o) (DC_FlushRange)
C:/devkitPro/libnds/lib\libnds9.a(dldi_stub.o)
                              C:/devkitPro/libnds/lib\libnds9.a(dldi.o) (_io_dldi_stub)
C:/devkitPro/libnds/lib\libnds9.a(cpu_clock.o)
                              C:/devkitPro/libnds/lib\libnds9.a(initSystem.o) (setCpuClock)
C:/devkitPro/libnds/lib\libnds9.a(IntrWait.o)
                              main.o (swiWaitForVBlank)
C:/devkitPro/libnds/lib\libnds9.a(mpu_setup.o)
                              c:/devkitpro/devkitarm/bin/../lib/gcc/arm-none-eabi/7.1.0/../../../../arm-none-eabi/lib/thumb/ds_arm9_crt0.o (__libnds_mpu_setup)
C:/devkitPro/libnds/lib\libnds9.a(swiSoftReset.o)
                              C:/devkitPro/libnds/lib\libnds9.a(fifosystem.o) (swiSoftReset)
C:/devkitPro/libnds/lib\libnds9.a(debugprint.o)
                              C:/devkitPro/libnds/lib\libnds9.a(console.o) (nocashWrite)
C:/devkitPro/libnds/lib\libnds9.a(interruptDispatcher.o)
                              C:/devkitPro/libnds/lib\libnds9.a(interrupts.o) (IntrMain)
C:/devkitPro/libnds/lib\libnds9.a(default_font.bin.o)
                              C:/devkitPro/libnds/lib\libnds9.a(console.o) (default_font_bin)
C:/devkitPro/libnds/lib\libnds9.a(trig.o)
                              C:/devkitPro/libnds/lib\libnds9.a(background.o) (sinLerp)
C:/devkitPro/libnds/lib\libnds9.a(system.o)
                              C:/devkitPro/libnds/lib\libnds9.a(initSystem.o) (systemValueHandler)
C:/devkitPro/libnds/lib\libnds9.a(video.o)
                              C:/devkitPro/libnds/lib\libnds9.a(initSystem.o) (vramDefault)
C:/devkitPro/libnds/lib\libnds9.a(timeSupport.o)
                              C:/devkitPro/libnds/lib\libnds9.a(initSystem.o) (__libnds_gtod)
C:/devkitPro/libnds/lib\libnds9.a(biosCalls.o)
                              C:/devkitPro/libnds/lib\libnds9.a(system.o) (swiDelay)
[...]
Memory Configuration

Name             Origin             Length             Attributes
ewram            0x02000000         0x00380000
dtcm             0x0b000000         0x00004000
vectors          0x01000000         0x00000100
itcm             0x01000100         0x00007f00
*default*        0x00000000         0xffffffff

Linker script and memory map

                0x02380000                __ewram_end = (ORIGIN (ewram) + LENGTH (ewram))
                0x02380000                __eheap_end = (ORIGIN (ewram) + LENGTH (ewram))
                0x0b004000                __dtcm_top = (ORIGIN (dtcm) + LENGTH (dtcm))
                0x0b003ff8                __irq_flags = (__dtcm_top - 0x8)
                0x0b003ffc                __irq_vector = (__dtcm_top - 0x4)
                0x0b003f00                __sp_svc = (__dtcm_top - 0x100)
                0x0b003e00                __sp_irq = (__sp_svc - 0x100)
                0x0b003d00                __sp_usr = (__sp_irq - 0x100)

.secure         0x02000000      0x800
 *(.secure)
 .secure        0x02000000      0x800 C:/devkitPro/libnds/lib\libnds9.a(securearea.o)
                0x02000000                __secure_area__

.crt0           0x02000800      0x300
                0x02000800                __text_start = .
 *(.crt0)
 .crt0          0x02000800      0x300 c:/devkitpro/devkitarm/bin/../lib/gcc/arm-none-eabi/7.1.0/../../../../arm-none-eabi/lib/thumb/ds_arm9_crt0.o
                0x02000800                _start
                0x02000b00                . = ALIGN (0x4)

.plt
 *(.plt)

.init           0x02000b00        0xc
 *(SORT(.init))
 .init          0x02000b00        0x4 c:/devkitpro/devkitarm/bin/../lib/gcc/arm-none-eabi/7.1.0/thumb/crti.o
                0x02000b00                _init
 .init          0x02000b04        0x8 c:/devkitpro/devkitarm/bin/../lib/gcc/arm-none-eabi/7.1.0/thumb/crtn.o

.text           0x02000b40    0x19748
 *(EXCLUDE_FILE(*.twl* *.vectors* *.itcm*) .text)
 .text          0x02000b40      0x5dc main.o
                0x02000b40                drawMenu
                0x02000bb0                getNumFiles
                0x02000c00                isDirectory
                0x02000c3c                update
                0x02000dd4                touchInbetween
                0x02000e14                setKeys
                0x02000fec                setChipPixel
                0x02001054                drawGraphics
                0x020010f0                setPixel
                0x02001104                waitForVblank
 .text          0x0200111c      0xc74 chip8.o
                0x0200111c                initialize
                0x020011e8                loadProgram
                0x0200126c                emulateCycle
 *fill*         0x02001d90       0x30 ff
 .text          0x02001dc0     0x4000 C:/devkitPro/libnds/lib\libnds9.a(dldi_stub.o)
                0x02001dc0                _io_dldi_stub
 .text          0x02005dc0      0x11c c:/devkitpro/devkitarm/bin/../lib/gcc/arm-none-eabi/7.1.0/thumb\libgcc.a(_udivsi3.o)
                0x02005dc0                __aeabi_uidiv
                0x02005dc0                __udivsi3
                0x02005ebc                __aeabi_uidivmod
 .text          0x02005edc      0x150 c:/devkitpro/devkitarm/bin/../lib/gcc/arm-none-eabi/7.1.0/thumb\libgcc.a(_divsi3.o)
                0x02005edc                __divsi3
                0x02005edc                __aeabi_idiv
                0x0200600c                __aeabi_idivmod
 .text          0x0200602c        0x4 c:/devkitpro/devkitarm/bin/../lib/gcc/arm-none-eabi/7.1.0/thumb\libgcc.a(_dvmd_tls.o)
                0x0200602c                __aeabi_idiv0
                0x0200602c                __aeabi_ldiv0
 .text          0x02006030       0xd4 c:/devkitpro/devkitarm/bin/../lib/gcc/arm-none-eabi/7.1.0/thumb\libgcc.a(_aeabi_ldivmod.o)
                0x02006030                __aeabi_ldivmod
 .text          0x02006104       0x28 c:/devkitpro/devkitarm/bin/../lib/gcc/arm-none-eabi/7.1.0/thumb\libgcc.a(_clzdi2.o)
                0x02006104                __clzdi2
 .text          0x0200612c       0x48 c:/devkitpro/devkitarm/bin/../lib/gcc/arm-none-eabi/7.1.0/thumb\libgcc.a(_clzsi2.o)
                0x0200612c                __clzsi2
 .text          0x02006174      0x224 c:/devkitpro/devkitarm/bin/../lib/gcc/arm-none-eabi/7.1.0/../../../../arm-none-eabi/lib/thumb\libg.a(lib_a-strcmp.o)
                0x02006174                strcmp
 .text          0x02006398       0x3c c:/devkitpro/devkitarm/bin/../lib/gcc/arm-none-eabi/7.1.0/thumb\libgcc.a(_aeabi_uldivmod.o)
                0x02006398                __aeabi_uldivmod
 *(EXCLUDE_FILE(*.twl* *.vectors* *.itcm*) .stub)
 *(EXCLUDE_FILE(*.twl* *.vectors* *.itcm*) .text.*)
 .text.deregister_tm_clones
                0x020063d4       0x2c c:/devkitpro/devkitarm/bin/../lib/gcc/arm-none-eabi/7.1.0/thumb/crtbegin.o
 .text.register_tm_clones
                0x02006400       0x34 c:/devkitpro/devkitarm/bin/../lib/gcc/arm-none-eabi/7.1.0/thumb/crtbegin.o
 .text.__do_global_dtors_aux
                0x02006434       0x30 c:/devkitpro/devkitarm/bin/../lib/gcc/arm-none-eabi/7.1.0/thumb/crtbegin.o
 .text.frame_dummy
                0x02006464       0x28 c:/devkitpro/devkitarm/bin/../lib/gcc/arm-none-eabi/7.1.0/thumb/crtbegin.o
 .text.startup  0x0200648c       0x68 main.o
                0x0200648c                main
 .text.fatMount
                0x020064f4       0xbc C:/devkitPro/libnds/lib\libfat.a(libfat.o)
                0x020064f4                fatMount
 .text.fatInit  0x020065b0      0x140 C:/devkitPro/libnds/lib\libfat.a(libfat.o)
                0x020065b0                fatInit
 .text.fatInitDefault
                0x020066f0        0xc C:/devkitPro/libnds/lib\libfat.a(libfat.o)
                0x020066f0                fatInitDefault
 .text._FAT_updateFS_INFO
                0x020066fc       0x54 C:/devkitPro/libnds/lib\libfat.a(partition.o)
 .text._FAT_partition_createFSinfo.part.4
                0x02006750       0x40 C:/devkitPro/libnds/lib\libfat.a(partition.o)
 .text._FAT_partition_readFSinfo.part.5
                0x02006790       0x90 C:/devkitPro/libnds/lib\libfat.a(partition.o)
 .text.FindFirstValidPartition_buf
                0x02006820      0x1e4 C:/devkitPro/libnds/lib\libfat.a(partition.o)
                0x02006820                FindFirstValidPartition_buf
 .text._FAT_partition_constructor_buf
                0x02006a04      0x2ec C:/devkitPro/libnds/lib\libfat.a(partition.o)
                0x02006a04                _FAT_partition_constructor_buf
 .text._FAT_partition_constructor
                0x02006cf0       0x40 C:/devkitPro/libnds/lib\libfat.a(partition.o)
                0x02006cf0                _FAT_partition_constructor
 .text._FAT_partition_getPartitionFromPath
                0x02006d30       0x14 C:/devkitPro/libnds/lib\libfat.a(partition.o)
                0x02006d30                _FAT_partition_getPartitionFromPath
 .text._FAT_partition_readFSinfo
                0x02006d44       0x10 C:/devkitPro/libnds/lib\libfat.a(partition.o)
                0x02006d44                _FAT_partition_readFSinfo
 .text._FAT_lock_init
                0x02006d54        0x4 C:/devkitPro/libnds/lib\libfat.a(lock.o)
                0x02006d54                _FAT_lock_init
 .text._FAT_lock
                0x02006d58        0x4 C:/devkitPro/libnds/lib\libfat.a(lock.o)
                0x02006d58                _FAT_lock
 .text._FAT_unlock
                0x02006d5c        0x4 C:/devkitPro/libnds/lib\libfat.a(lock.o)
                0x02006d5c                _FAT_unlock
 .text._FAT_stat_r
                0x02006d60       0x90 C:/devkitPro/libnds/lib\libfat.a(fatdir.o)
                0x02006d60                _FAT_stat_r
 .text._FAT_link_r
                0x02006df0        0xc C:/devkitPro/libnds/lib\libfat.a(fatdir.o)
                0x02006df0                _FAT_link_r
 .text._FAT_unlink_r
                0x02006dfc      0x19c C:/devkitPro/libnds/lib\libfat.a(fatdir.o)
                0x02006dfc                _FAT_unlink_r
 .text._FAT_chdir_r
                0x02006f98       0x70 C:/devkitPro/libnds/lib\libfat.a(fatdir.o)
                0x02006f98                _FAT_chdir_r
 .text._FAT_rename_r
                0x02007008      0x1c4 C:/devkitPro/libnds/lib\libfat.a(fatdir.o)
                0x02007008                _FAT_rename_r
 .text._FAT_mkdir_r
                0x020071cc      0x258 C:/devkitPro/libnds/lib\libfat.a(fatdir.o)
                0x020071cc                _FAT_mkdir_r
 .text._FAT_statvfs_r
                0x02007424       0x78 C:/devkitPro/libnds/lib\libfat.a(fatdir.o)
                0x02007424                _FAT_statvfs_r
 .text._FAT_diropen_r
                0x0200749c       0xb0 C:/devkitPro/libnds/lib\libfat.a(fatdir.o)
                0x0200749c                _FAT_diropen_r
 .text._FAT_dirreset_r
                0x0200754c       0x4c C:/devkitPro/libnds/lib\libfat.a(fatdir.o)
                0x0200754c                _FAT_dirreset_r
 .text._FAT_dirnext_r
                0x02007598       0x7c C:/devkitPro/libnds/lib\libfat.a(fatdir.o)
                0x02007598                _FAT_dirnext_r
 .text._FAT_dirclose_r
                0x02007614       0x20 C:/devkitPro/libnds/lib\libfat.a(fatdir.o)
                0x02007614                _FAT_dirclose_r
 .text._FAT_cache_getPage
                0x02007634       0xfc C:/devkitPro/libnds/lib\libfat.a(cache.o)
 .text._FAT_cache_writePartialSector.part.3
                0x02007730       0x44 C:/devkitPro/libnds/lib\libfat.a(cache.o)
 .text._FAT_cache_constructor
                0x02007774       0x98 C:/devkitPro/libnds/lib\libfat.a(cache.o)
                0x02007774                _FAT_cache_constructor
 .text._FAT_cache_readSectors
                0x0200780c       0x64 C:/devkitPro/libnds/lib\libfat.a(cache.o)
                0x0200780c                _FAT_cache_readSectors
 .text._FAT_cache_readPartialSector
                0x02007870       0x40 C:/devkitPro/libnds/lib\libfat.a(cache.o)
                0x02007870                _FAT_cache_readPartialSector
 .text._FAT_cache_readLittleEndianValue
                0x020078b0       0x70 C:/devkitPro/libnds/lib\libfat.a(cache.o)
                0x020078b0                _FAT_cache_readLittleEndianValue
 .text._FAT_cache_writePartialSector
                0x02007920       0x20 C:/devkitPro/libnds/lib\libfat.a(cache.o)
                0x02007920                _FAT_cache_writePartialSector
 .text._FAT_cache_writeLittleEndianValue
                0x02007940       0x58 C:/devkitPro/libnds/lib\libfat.a(cache.o)
                0x02007940                _FAT_cache_writeLittleEndianValue
 .text._FAT_cache_eraseWritePartialSector
                0x02007998       0x68 C:/devkitPro/libnds/lib\libfat.a(cache.o)
                0x02007998                _FAT_cache_eraseWritePartialSector
 .text._FAT_cache_writeSectors
                0x02007a00       0x74 C:/devkitPro/libnds/lib\libfat.a(cache.o)
                0x02007a00                _FAT_cache_writeSectors
 .text._FAT_cache_flush
                0x02007a74       0x3c C:/devkitPro/libnds/lib\libfat.a(cache.o)
                0x02007a74                _FAT_cache_flush
 .text._FAT_check_position_for_next_cluster.isra.4.part.5
                0x02007ab0       0x6c C:/devkitPro/libnds/lib\libfat.a(fatfile.o)
 .text._FAT_syncToDisc.part.6
                0x02007b1c       0xd4 C:/devkitPro/libnds/lib\libfat.a(fatfile.o)
 .text._FAT_file_extend_r
                0x02007bf0      0x21c C:/devkitPro/libnds/lib\libfat.a(fatfile.o)
 .text._FAT_open_r
                0x02007e0c      0x2f0 C:/devkitPro/libnds/lib\libfat.a(fatfile.o)
                0x02007e0c                _FAT_open_r
 .text._FAT_close_r
                0x020080fc       0x74 C:/devkitPro/libnds/lib\libfat.a(fatfile.o)
                0x020080fc                _FAT_close_r
 .text._FAT_read_r
                0x02008170      0x358 C:/devkitPro/libnds/lib\libfat.a(fatfile.o)
                0x02008170                _FAT_read_r
 .text._FAT_write_r
                0x020084c8      0x534 C:/devkitPro/libnds/lib\libfat.a(fatfile.o)
                0x020084c8                _FAT_write_r
 .text._FAT_seek_r
                0x020089fc      0x19c C:/devkitPro/libnds/lib\libfat.a(fatfile.o)
                0x020089fc                _FAT_seek_r
 .text._FAT_fstat_r
                0x02008b98       0x8c C:/devkitPro/libnds/lib\libfat.a(fatfile.o)
                0x02008b98                _FAT_fstat_r
 .text._FAT_ftruncate_r
                0x02008c24      0x170 C:/devkitPro/libnds/lib\libfat.a(fatfile.o)
                0x02008c24                _FAT_ftruncate_r
 .text._FAT_fsync_r
                0x02008d94       0x44 C:/devkitPro/libnds/lib\libfat.a(fatfile.o)
                0x02008d94                _FAT_fsync_r
 .text.get_io_dsisd
                0x02008dd8       0x18 C:/devkitPro/libnds/lib\libfat.a(disc.o)
 .text._FAT_fat_writeFatEntry.part.0
                0x02008df0      0x134 C:/devkitPro/libnds/lib\libfat.a(file_allocation_table.o)
 .text._FAT_fat_nextCluster
                0x02008f24      0x104 C:/devkitPro/libnds/lib\libfat.a(file_allocation_table.o)
                0x02008f24                _FAT_fat_nextCluster
 .text._FAT_fat_clearLinks.part.1
                0x02009028       0x64 C:/devkitPro/libnds/lib\libfat.a(file_allocation_table.o)
 .text._FAT_fat_linkFreeCluster
                0x0200908c       0xac C:/devkitPro/libnds/lib\libfat.a(file_allocation_table.o)
                0x0200908c                _FAT_fat_linkFreeCluster
 .text._FAT_fat_linkFreeClusterCleared
                0x02009138       0x68 C:/devkitPro/libnds/lib\libfat.a(file_allocation_table.o)
                0x02009138                _FAT_fat_linkFreeClusterCleared
 .text._FAT_fat_clearLinks
                0x020091a0       0x18 C:/devkitPro/libnds/lib\libfat.a(file_allocation_table.o)
                0x020091a0                _FAT_fat_clearLinks
 .text._FAT_fat_trimChain
                0x020091b8       0xa8 C:/devkitPro/libnds/lib\libfat.a(file_allocation_table.o)
                0x020091b8                _FAT_fat_trimChain
 .text._FAT_fat_lastCluster
                0x02009260       0x34 C:/devkitPro/libnds/lib\libfat.a(file_allocation_table.o)
                0x02009260                _FAT_fat_lastCluster
 .text._FAT_fat_freeClusterCount
                0x02009294       0x2c C:/devkitPro/libnds/lib\libfat.a(file_allocation_table.o)
                0x02009294                _FAT_fat_freeClusterCount
 .text._FAT_filetime_getTimeFromRTC
                0x020092c0       0x40 C:/devkitPro/libnds/lib\libfat.a(filetime.o)
                0x020092c0                _FAT_filetime_getTimeFromRTC
 .text._FAT_filetime_getDateFromRTC
                0x02009300       0x40 C:/devkitPro/libnds/lib\libfat.a(filetime.o)
                0x02009300                _FAT_filetime_getDateFromRTC
 .text._FAT_filetime_to_time_t
                0x02009340       0x38 C:/devkitPro/libnds/lib\libfat.a(filetime.o)
                0x02009340                _FAT_filetime_to_time_t
 .text._FAT_directory_incrementDirEntryPosition
                0x02009378       0x80 C:/devkitPro/libnds/lib\libfat.a(directory.o)
 .text._FAT_directory_entryGetAlias
                0x020093f8      0x100 C:/devkitPro/libnds/lib\libfat.a(directory.o)
 .text._FAT_directory_mbsncasecmp
                0x020094f8       0xa8 C:/devkitPro/libnds/lib\libfat.a(directory.o)
 .text._FAT_directory_entryGetCluster.part.5
                0x020095a0       0x18 C:/devkitPro/libnds/lib\libfat.a(directory.o)
 .text._FAT_directory_ucs2tombs.constprop.6
                0x020095b8       0x88 C:/devkitPro/libnds/lib\libfat.a(directory.o)
 .text._FAT_directory_entryGetCluster
                0x02009640       0x1c C:/devkitPro/libnds/lib\libfat.a(directory.o)
                0x02009640                _FAT_directory_entryGetCluster
 .text._FAT_directory_getNextEntry
                0x0200965c      0x204 C:/devkitPro/libnds/lib\libfat.a(directory.o)
                0x0200965c                _FAT_directory_getNextEntry
 .text._FAT_directory_entryExists
                0x02009860       0x80 C:/devkitPro/libnds/lib\libfat.a(directory.o)
 .text._FAT_directory_getFirstEntry
                0x020098e0       0x20 C:/devkitPro/libnds/lib\libfat.a(directory.o)
                0x020098e0                _FAT_directory_getFirstEntry
 .text._FAT_directory_getRootEntry
                0x02009900       0x60 C:/devkitPro/libnds/lib\libfat.a(directory.o)
                0x02009900                _FAT_directory_getRootEntry
 .text._FAT_directory_entryFromPosition
                0x02009960      0x15c C:/devkitPro/libnds/lib\libfat.a(directory.o)
                0x02009960                _FAT_directory_entryFromPosition
 .text._FAT_directory_entryFromPath
                0x02009abc      0x210 C:/devkitPro/libnds/lib\libfat.a(directory.o)
                0x02009abc                _FAT_directory_entryFromPath
 .text._FAT_directory_removeEntry
                0x02009ccc       0xe0 C:/devkitPro/libnds/lib\libfat.a(directory.o)
                0x02009ccc                _FAT_directory_removeEntry
 .text._FAT_directory_addEntry
                0x02009dac      0x85c C:/devkitPro/libnds/lib\libfat.a(directory.o)
                0x02009dac                _FAT_directory_addEntry
 .text._FAT_directory_chdir
                0x0200a608       0x44 C:/devkitPro/libnds/lib\libfat.a(directory.o)
                0x0200a608                _FAT_directory_chdir
 .text._FAT_directory_entryStat
                0x0200a64c       0xe0 C:/devkitPro/libnds/lib\libfat.a(directory.o)
                0x0200a64c                _FAT_directory_entryStat
 .text.scanKeys
                0x0200a72c       0x8c C:/devkitPro/libnds/lib\libnds9.a(keys.o)
                0x0200a72c                scanKeys
 .text.keysHeld
                0x0200a7b8        0xc C:/devkitPro/libnds/lib\libnds9.a(keys.o)
                0x0200a7b8                keysHeld
 .text.keysDownRepeat
                0x0200a7c4       0x10 C:/devkitPro/libnds/lib\libnds9.a(keys.o)
                0x0200a7c4                keysDownRepeat
 .text.keysSetRepeat
                0x0200a7d4       0x24 C:/devkitPro/libnds/lib\libnds9.a(keys.o)
                0x0200a7d4                keysSetRepeat
 .text.newRow   0x0200a7f8       0xbc C:/devkitPro/libnds/lib\libnds9.a(console.o)
 .text.consolePrintChar
                0x0200a8b4       0xec C:/devkitPro/libnds/lib\libnds9.a(console.o)
                0x0200a8b4                consolePrintChar
 .text.consoleCls
                0x0200a9a0       0xec C:/devkitPro/libnds/lib\libnds9.a(console.o)
 .text.consoleLoadFont
                0x0200aa8c      0x270 C:/devkitPro/libnds/lib\libnds9.a(console.o)
                0x0200aa8c                consoleLoadFont
 .text.consoleInit
                0x0200acfc      0x15c C:/devkitPro/libnds/lib\libnds9.a(console.o)
                0x0200acfc                consoleInit
 .text.consoleDemoInit
                0x0200ae58       0x40 C:/devkitPro/libnds/lib\libnds9.a(console.o)
                0x0200ae58                consoleDemoInit
 .text.con_write
                0x0200ae98      0x288 C:/devkitPro/libnds/lib\libnds9.a(console.o)
                0x0200ae98                con_write
 .text.consoleClear
                0x0200b120       0x10 C:/devkitPro/libnds/lib\libnds9.a(console.o)
                0x0200b120                consoleClear
 .text.touchRead
                0x0200b130       0x24 C:/devkitPro/libnds/lib\libnds9.a(touch.o)
                0x0200b130                touchRead
 .text.checkIfText.part.0
                0x0200b154       0x3c C:/devkitPro/libnds/lib\libnds9.a(background.o)
 .text.bgUpdate
                0x0200b190       0xec C:/devkitPro/libnds/lib\libnds9.a(background.o)
                0x0200b190                bgUpdate
 .text.bgInit_call
                0x0200b27c       0xbc C:/devkitPro/libnds/lib\libnds9.a(background.o)
                0x0200b27c                bgInit_call
 .text.bgInitSub_call
                0x0200b338       0xc4 C:/devkitPro/libnds/lib\libnds9.a(background.o)
                0x0200b338                bgInitSub_call
 .text.dldiGetInternal
                0x0200b3fc       0x34 C:/devkitPro/libnds/lib\libnds9.a(dldi.o)
                0x0200b3fc                dldiGetInternal
 .text.initSystem
                0x0200b430      0x194 C:/devkitPro/libnds/lib\libnds9.a(initSystem.o)
                0x0200b430                initSystem
 .text.__timeoutvbl
                0x0200b5c4       0x10 C:/devkitPro/libnds/lib\libnds9.a(fifosystem.o)
 .text.fifo_allocBlock.part.0
                0x0200b5d4       0x34 C:/devkitPro/libnds/lib\libnds9.a(fifosystem.o)
 .text.fifo_waitBlock
                0x0200b608       0x48 C:/devkitPro/libnds/lib\libnds9.a(fifosystem.o)
 .text.fifo_queueBlock
                0x0200b650       0x44 C:/devkitPro/libnds/lib\libnds9.a(fifosystem.o)
 .text.fifoInternalSendInterrupt
                0x0200b694       0xac C:/devkitPro/libnds/lib\libnds9.a(fifosystem.o)
 .text.fifoInternalSend.part.3
                0x0200b740       0xd4 C:/devkitPro/libnds/lib\libnds9.a(fifosystem.o)
 .text.fifoGetValue32.part.4
                0x0200b814       0x74 C:/devkitPro/libnds/lib\libnds9.a(fifosystem.o)
 .text.fifoSetValue32Handler
                0x0200b888       0x74 C:/devkitPro/libnds/lib\libnds9.a(fifosystem.o)
                0x0200b888                fifoSetValue32Handler
 .text.fifoSendValue32
                0x0200b8fc       0x4c C:/devkitPro/libnds/lib\libnds9.a(fifosystem.o)
                0x0200b8fc                fifoSendValue32
 .text.fifoSendDatamsg
                0x0200b948       0x90 C:/devkitPro/libnds/lib\libnds9.a(fifosystem.o)
                0x0200b948                fifoSendDatamsg
 .text.fifoGetValue32
                0x0200b9d8       0x14 C:/devkitPro/libnds/lib\libnds9.a(fifosystem.o)
                0x0200b9d8                fifoGetValue32
 .text.fifoGetDatamsg
                0x0200b9ec      0x140 C:/devkitPro/libnds/lib\libnds9.a(fifosystem.o)
                0x0200b9ec                fifoGetDatamsg
 .text.fifoInternalRecvInterrupt
                0x0200bb2c      0x3a0 C:/devkitPro/libnds/lib\libnds9.a(fifosystem.o)
 .text.fifoSetDatamsgHandler
                0x0200becc       0x9c C:/devkitPro/libnds/lib\libnds9.a(fifosystem.o)
                0x0200becc                fifoSetDatamsgHandler
 .text.fifoCheckValue32
                0x0200bf68       0x24 C:/devkitPro/libnds/lib\libnds9.a(fifosystem.o)
                0x0200bf68                fifoCheckValue32
 .text.fifoInit
                0x0200bf8c      0x1cc C:/devkitPro/libnds/lib\libnds9.a(fifosystem.o)
                0x0200bf8c                fifoInit
 .text.systemErrorExit
                0x0200c158        0x4 C:/devkitPro/libnds/lib\libnds9.a(libnds_exit.arm.o)
                0x0200c158                systemErrorExit
 *fill*         0x0200c15c        0x4 ff
 .text.__libnds_exit
                0x0200c160       0x5c C:/devkitPro/libnds/lib\libnds9.a(libnds_exit.arm.o)
                0x0200c160                __libnds_exit
 .text.irqDummy
                0x0200c1bc        0x4 C:/devkitPro/libnds/lib\libnds9.a(interrupts.o)
                0x0200c1bc                irqDummy
 .text.irqSet   0x0200c1c0       0x6c C:/devkitPro/libnds/lib\libnds9.a(interrupts.o)
                0x0200c1c0                irqSet
 .text.irqInit  0x0200c22c       0x50 C:/devkitPro/libnds/lib\libnds9.a(interrupts.o)
                0x0200c22c                irqInit
 .text.irqEnable
                0x0200c27c       0x64 C:/devkitPro/libnds/lib\libnds9.a(interrupts.o)
                0x0200c27c                irqEnable
 .text.irqDisable
                0x0200c2e0       0x64 C:/devkitPro/libnds/lib\libnds9.a(interrupts.o)
                0x0200c2e0                irqDisable
 .text.DC_FlushRange
                0x0200c344       0x24 C:/devkitPro/libnds/lib\libnds9.a(dcache.o)
                0x0200c344                DC_FlushRange
 .text.setCpuClock
                0x0200c368       0x50 C:/devkitPro/libnds/lib\libnds9.a(cpu_clock.o)
                0x0200c368                setCpuClock
 .text.swiWaitForVBlank
                0x0200c3b8        0x8 C:/devkitPro/libnds/lib\libnds9.a(IntrWait.o)
                0x0200c3b8                swiWaitForVBlank
 .text.swiIntrWait
                0x0200c3c0       0x64 C:/devkitPro/libnds/lib\libnds9.a(IntrWait.o)
                0x0200c3c0                swiIntrWait
 .text.__libnds_mpu_setup
                0x0200c424      0x174 C:/devkitPro/libnds/lib\libnds9.a(mpu_setup.o)
                0x0200c424                __libnds_mpu_setup
 .text.memUncached
                0x0200c598       0x20 C:/devkitPro/libnds/lib\libnds9.a(mpu_setup.o)
                0x0200c598                memUncached
 .text.swiSoftReset
                0x0200c5b8       0x2c C:/devkitPro/libnds/lib\libnds9.a(swiSoftReset.o)
                0x0200c5b8                swiSoftReset
 .text.sinLerp  0x0200c5e4       0xa0 C:/devkitPro/libnds/lib\libnds9.a(trig.o)
                0x0200c5e4                sinLerp
 .text.cosLerp  0x0200c684       0x14 C:/devkitPro/libnds/lib\libnds9.a(trig.o)
                0x0200c684                cosLerp
 .text.systemValueHandler
                0x0200c698       0x48 C:/devkitPro/libnds/lib\libnds9.a(system.o)
                0x0200c698                systemValueHandler
 .text.systemMsgHandler
                0x0200c6e0       0x5c C:/devkitPro/libnds/lib\libnds9.a(system.o)
                0x0200c6e0                systemMsgHandler
 .text.powerOn  0x0200c73c       0x2c C:/devkitPro/libnds/lib\libnds9.a(system.o)
                0x0200c73c                powerOn
 .text.vramDefault
                0x0200c768       0xd0 C:/devkitPro/libnds/lib\libnds9.a(video.o)
                0x0200c768                vramDefault
 .text.__libnds_gtod
                0x0200c838       0x24 C:/devkitPro/libnds/lib\libnds9.a(timeSupport.o)
                0x0200c838                __libnds_gtod
 .text.swiDelay
                0x0200c85c        0x4 C:/devkitPro/libnds/lib\libnds9.a(biosCalls.o)
                0x0200c85c                swiDelay
 .text.__muldi3
                0x0200c860       0x60 c:/devkitpro/devkitarm/bin/../lib/gcc/arm-none-eabi/7.1.0/thumb\libgcc.a(_muldi3.o)
                0x0200c860                __muldi3
                0x0200c860                __aeabi_lmul
 .text.__udivmoddi4
                0x0200c8c0      0x188 c:/devkitpro/devkitarm/bin/../lib/gcc/arm-none-eabi/7.1.0/thumb\libgcc.a(_udivmoddi4.o)
                0x0200c8c0                __udivmoddi4
 .text.calloc   0x0200ca48       0x18 c:/devkitpro/devkitarm/bin/../lib/gcc/arm-none-eabi/7.1.0/../../../../arm-none-eabi/lib/thumb\libg.a(lib_a-calloc.o)
                0x0200ca48                calloc
 .text._calloc_r
                0x0200ca60       0x60 c:/devkitpro/devkitarm/bin/../lib/gcc/arm-none-eabi/7.1.0/../../../../arm-none-eabi/lib/thumb\libg.a(lib_a-callocr.o)
                0x0200ca60                _calloc_r
 .text._fclose_r
                0x0200cac0       0xe0 c:/devkitpro/devkitarm/bin/../lib/gcc/arm-none-eabi/7.1.0/../../../../arm-none-eabi/lib/thumb\libg.a(lib_a-fclose.o)
                0x0200cac0                _fclose_r
 .text.fclose   0x0200cba0       0x14 c:/devkitpro/devkitarm/bin/../lib/gcc/arm-none-eabi/7.1.0/../../../../arm-none-eabi/lib/thumb\libg.a(lib_a-fclose.o)
                0x0200cba0                fclose
 .text.__sflush_r
                0x0200cbb4      0x19c c:/devkitpro/devkitarm/bin/../lib/gcc/arm-none-eabi/7.1.0/../../../../arm-none-eabi/lib/thumb\libg.a(lib_a-fflush.o)
                0x0200cbb4                __sflush_r
 .text._fflush_r
                0x0200cd50       0x58 c:/devkitpro/devkitarm/bin/../lib/gcc/arm-none-eabi/7.1.0/../../../../arm-none-eabi/lib/thumb\libg.a(lib_a-fflush.o)
                0x0200cd50                _fflush_r
 .text.fflush   0x0200cda8       0x2c c:/devkitpro/devkitarm/bin/../lib/gcc/arm-none-eabi/7.1.0/../../../../arm-none-eabi/lib/thumb\libg.a(lib_a-fflush.o)
                0x0200cda8                fflush
 .text._cleanup_r
                0x0200cdd4       0x14 c:/devkitpro/devkitarm/bin/../lib/gcc/arm-none-eabi/7.1.0/../../../../arm-none-eabi/lib/thumb\libg.a(lib_a-findfp.o)
                0x0200cdd4                _cleanup_r
 .text.std.isra.0
                0x0200cde8       0x54 c:/devkitpro/devkitarm/bin/../lib/gcc/arm-none-eabi/7.1.0/../../../../arm-none-eabi/lib/thumb\libg.a(lib_a-findfp.o)
 .text.__sfmoreglue
                0x0200ce3c       0x34 c:/devkitpro/devkitarm/bin/../lib/gcc/arm-none-eabi/7.1.0/../../../../arm-none-eabi/lib/thumb\libg.a(lib_a-findfp.o)
                0x0200ce3c                __sfmoreglue
 .text.__sinit  0x0200ce70       0x64 c:/devkitpro/devkitarm/bin/../lib/gcc/arm-none-eabi/7.1.0/../../../../arm-none-eabi/lib/thumb\libg.a(lib_a-findfp.o)
                0x0200ce70                __sinit
 .text.__sfp    0x0200ced4       0xb0 c:/devkitpro/devkitarm/bin/../lib/gcc/arm-none-eabi/7.1.0/../../../../arm-none-eabi/lib/thumb\libg.a(lib_a-findfp.o)
                0x0200ced4                __sfp
 .text.__sfp_lock_acquire
                0x0200cf84       0x14 c:/devkitpro/devkitarm/bin/../lib/gcc/arm-none-eabi/7.1.0/../../../../arm-none-eabi/lib/thumb\libg.a(lib_a-findfp.o)
                0x0200cf84                __sfp_lock_acquire
 .text.__sfp_lock_release
                0x0200cf98       0x14 c:/devkitpro/devkitarm/bin/../lib/gcc/arm-none-eabi/7.1.0/../../../../arm-none-eabi/lib/thumb\libg.a(lib_a-findfp.o)
                0x0200cf98                __sfp_lock_release
 .text._fopen_r
                0x0200cfac       0xb8 c:/devkitpro/devkitarm/bin/../lib/gcc/arm-none-eabi/7.1.0/../../../../arm-none-eabi/lib/thumb\libg.a(lib_a-fopen.o)
                0x0200cfac                _fopen_r
 .text.fopen    0x0200d064       0x18 c:/devkitpro/devkitarm/bin/../lib/gcc/arm-none-eabi/7.1.0/../../../../arm-none-eabi/lib/thumb\libg.a(lib_a-fopen.o)
                0x0200d064                fopen
 .text._fread_r
                0x0200d07c      0x1fc c:/devkitpro/devkitarm/bin/../lib/gcc/arm-none-eabi/7.1.0/../../../../arm-none-eabi/lib/thumb\libg.a(lib_a-fread.o)
                0x0200d07c                _fread_r
 .text.fread    0x0200d278       0x24 c:/devkitpro/devkitarm/bin/../lib/gcc/arm-none-eabi/7.1.0/../../../../arm-none-eabi/lib/thumb\libg.a(lib_a-fread.o)
                0x0200d278                fread
 .text._malloc_trim_r
                0x0200d29c       0xa4 c:/devkitpro/devkitarm/bin/../lib/gcc/arm-none-eabi/7.1.0/../../../../arm-none-eabi/lib/thumb\libg.a(lib_a-freer.o)
                0x0200d29c                _malloc_trim_r
 .text._free_r  0x0200d340      0x1d8 c:/devkitpro/devkitarm/bin/../lib/gcc/arm-none-eabi/7.1.0/../../../../arm-none-eabi/lib/thumb\libg.a(lib_a-freer.o)
                0x0200d340                _free_r
 .text._fseek_r
                0x0200d518       0x14 c:/devkitpro/devkitarm/bin/../lib/gcc/arm-none-eabi/7.1.0/../../../../arm-none-eabi/lib/thumb\libg.a(lib_a-fseek.o)
                0x0200d518                _fseek_r
 .text.fseek    0x0200d52c       0x24 c:/devkitpro/devkitarm/bin/../lib/gcc/arm-none-eabi/7.1.0/../../../../arm-none-eabi/lib/thumb\libg.a(lib_a-fseek.o)
                0x0200d52c                fseek
 .text._fseeko_r
                0x0200d550      0x428 c:/devkitpro/devkitarm/bin/../lib/gcc/arm-none-eabi/7.1.0/../../../../arm-none-eabi/lib/thumb\libg.a(lib_a-fseeko.o)
                0x0200d550                _fseeko_r
 .text.ftell    0x0200d978       0x24 c:/devkitpro/devkitarm/bin/../lib/gcc/arm-none-eabi/7.1.0/../../../../arm-none-eabi/lib/thumb\libg.a(lib_a-ftell.o)
                0x0200d978                ftell
 .text._ftello_r
                0x0200d99c       0xf8 c:/devkitpro/devkitarm/bin/../lib/gcc/arm-none-eabi/7.1.0/../../../../arm-none-eabi/lib/thumb\libg.a(lib_a-ftello.o)
                0x0200d99c                _ftello_r
 .text._fwalk   0x0200da94       0x4c c:/devkitpro/devkitarm/bin/../lib/gcc/arm-none-eabi/7.1.0/../../../../arm-none-eabi/lib/thumb\libg.a(lib_a-fwalk.o)
                0x0200da94                _fwalk
 .text._fwalk_reent
                0x0200dae0       0x54 c:/devkitpro/devkitarm/bin/../lib/gcc/arm-none-eabi/7.1.0/../../../../arm-none-eabi/lib/thumb\libg.a(lib_a-fwalk.o)
                0x0200dae0                _fwalk_reent
 .text.__libc_init_array
                0x0200db34       0x54 c:/devkitpro/devkitarm/bin/../lib/gcc/arm-none-eabi/7.1.0/../../../../arm-none-eabi/lib/thumb\libg.a(lib_a-init.o)
                0x0200db34                __libc_init_array
 .text.iprintf  0x0200db88       0x24 c:/devkitpro/devkitarm/bin/../lib/gcc/arm-none-eabi/7.1.0/../../../../arm-none-eabi/lib/thumb\libg.a(lib_a-iprintf.o)
                0x0200db88                iprintf
 .text.localtime_r
                0x0200dbac      0x214 c:/devkitpro/devkitarm/bin/../lib/gcc/arm-none-eabi/7.1.0/../../../../arm-none-eabi/lib/thumb\libg.a(lib_a-lcltime_r.o)
                0x0200dbac                localtime_r
 .text.__locale_mb_cur_max
                0x0200ddc0       0x20 c:/devkitpro/devkitarm/bin/../lib/gcc/arm-none-eabi/7.1.0/../../../../arm-none-eabi/lib/thumb\libg.a(lib_a-locale.o)
                0x0200ddc0                __locale_mb_cur_max
 .text.__locale_ctype_ptr_l
                0x0200dde0        0x8 c:/devkitpro/devkitarm/bin/../lib/gcc/arm-none-eabi/7.1.0/../../../../arm-none-eabi/lib/thumb\libg.a(lib_a-locale.o)
                0x0200dde0                __locale_ctype_ptr_l
 .text.__locale_ctype_ptr
                0x0200dde8       0x1c c:/devkitpro/devkitarm/bin/../lib/gcc/arm-none-eabi/7.1.0/../../../../arm-none-eabi/lib/thumb\libg.a(lib_a-locale.o)
                0x0200dde8                __locale_ctype_ptr
 .text.__swhatbuf_r
                0x0200de04       0x64 c:/devkitpro/devkitarm/bin/../lib/gcc/arm-none-eabi/7.1.0/../../../../arm-none-eabi/lib/thumb\libg.a(lib_a-makebuf.o)
                0x0200de04                __swhatbuf_r
 .text.__smakebuf_r
                0x0200de68       0x98 c:/devkitpro/devkitarm/bin/../lib/gcc/arm-none-eabi/7.1.0/../../../../arm-none-eabi/lib/thumb\libg.a(lib_a-makebuf.o)
                0x0200de68                __smakebuf_r
 .text.malloc   0x0200df00       0x14 c:/devkitpro/devkitarm/bin/../lib/gcc/arm-none-eabi/7.1.0/../../../../arm-none-eabi/lib/thumb\libg.a(lib_a-malloc.o)
                0x0200df00                malloc
 .text.free     0x0200df14       0x14 c:/devkitpro/devkitarm/bin/../lib/gcc/arm-none-eabi/7.1.0/../../../../arm-none-eabi/lib/thumb\libg.a(lib_a-malloc.o)
                0x0200df14                free
 .text._malloc_r
                0x0200df28      0x56c c:/devkitpro/devkitarm/bin/../lib/gcc/arm-none-eabi/7.1.0/../../../../arm-none-eabi/lib/thumb\libg.a(lib_a-mallocr.o)
                0x0200df28                _malloc_r
 .text._mbrtowc_r
                0x0200e494       0x94 c:/devkitpro/devkitarm/bin/../lib/gcc/arm-none-eabi/7.1.0/../../../../arm-none-eabi/lib/thumb\libg.a(lib_a-mbrtowc.o)
                0x0200e494                _mbrtowc_r
 .text.mbrtowc  0x0200e528       0x94 c:/devkitpro/devkitarm/bin/../lib/gcc/arm-none-eabi/7.1.0/../../../../arm-none-eabi/lib/thumb\libg.a(lib_a-mbrtowc.o)
                0x0200e528                mbrtowc
 .text.mbsrtowcs
                0x0200e5bc       0x28 c:/devkitpro/devkitarm/bin/../lib/gcc/arm-none-eabi/7.1.0/../../../../arm-none-eabi/lib/thumb\libg.a(lib_a-mbsrtowcs.o)
                0x0200e5bc                mbsrtowcs
 .text.__utf8_mbtowc
                0x0200e5e4      0x28c c:/devkitpro/devkitarm/bin/../lib/gcc/arm-none-eabi/7.1.0/../../../../arm-none-eabi/lib/thumb\libg.a(lib_a-mbtowc_r.o)
                0x0200e5e4                __utf8_mbtowc
 .text.memcmp   0x0200e870       0x50 c:/devkitpro/devkitarm/bin/../lib/gcc/arm-none-eabi/7.1.0/../../../../arm-none-eabi/lib/thumb\libg.a(lib_a-memcmp.o)
                0x0200e870                memcmp
 .text.memcpy   0x0200e8c0       0x8c c:/devkitpro/devkitarm/bin/../lib/gcc/arm-none-eabi/7.1.0/../../../../arm-none-eabi/lib/thumb\libg.a(lib_a-memcpy-stub.o)
                0x0200e8c0                memcpy
 .text.memmove  0x0200e94c       0xa0 c:/devkitpro/devkitarm/bin/../lib/gcc/arm-none-eabi/7.1.0/../../../../arm-none-eabi/lib/thumb\libg.a(lib_a-memmove.o)
                0x0200e94c                memmove
 .text.memset   0x0200e9ec       0xa4 c:/devkitpro/devkitarm/bin/../lib/gcc/arm-none-eabi/7.1.0/../../../../arm-none-eabi/lib/thumb\libg.a(lib_a-memset.o)
                0x0200e9ec                memset
 .text.validate_structure
                0x0200ea90      0x1e8 c:/devkitpro/devkitarm/bin/../lib/gcc/arm-none-eabi/7.1.0/../../../../arm-none-eabi/lib/thumb\libg.a(lib_a-mktime.o)
 .text.mktime   0x0200ec78      0x388 c:/devkitpro/devkitarm/bin/../lib/gcc/arm-none-eabi/7.1.0/../../../../arm-none-eabi/lib/thumb\libg.a(lib_a-mktime.o)
                0x0200ec78                mktime
 .text.__malloc_lock
                0x0200f000       0x14 c:/devkitpro/devkitarm/bin/../lib/gcc/arm-none-eabi/7.1.0/../../../../arm-none-eabi/lib/thumb\libg.a(lib_a-mlock.o)
                0x0200f000                __malloc_lock
 .text.__malloc_unlock
                0x0200f014       0x14 c:/devkitpro/devkitarm/bin/../lib/gcc/arm-none-eabi/7.1.0/../../../../arm-none-eabi/lib/thumb\libg.a(lib_a-mlock.o)
                0x0200f014                __malloc_unlock
 .text.srand    0x0200f028       0x18 c:/devkitpro/devkitarm/bin/../lib/gcc/arm-none-eabi/7.1.0/../../../../arm-none-eabi/lib/thumb\libg.a(lib_a-rand.o)
                0x0200f028                srand
 .text.rand     0x0200f040       0x34 c:/devkitpro/devkitarm/bin/../lib/gcc/arm-none-eabi/7.1.0/../../../../arm-none-eabi/lib/thumb\libg.a(lib_a-rand.o)
                0x0200f040                rand
 .text.lflush   0x0200f074       0x20 c:/devkitpro/devkitarm/bin/../lib/gcc/arm-none-eabi/7.1.0/../../../../arm-none-eabi/lib/thumb\libg.a(lib_a-refill.o)
 .text.__srefill_r
                0x0200f094      0x110 c:/devkitpro/devkitarm/bin/../lib/gcc/arm-none-eabi/7.1.0/../../../../arm-none-eabi/lib/thumb\libg.a(lib_a-refill.o)
                0x0200f094                __srefill_r
 .text.setvbuf  0x0200f1a4      0x194 c:/devkitpro/devkitarm/bin/../lib/gcc/arm-none-eabi/7.1.0/../../../../arm-none-eabi/lib/thumb\libg.a(lib_a-setvbuf.o)
                0x0200f1a4                setvbuf
 .text.siscanf  0x0200f338       0x4c c:/devkitpro/devkitarm/bin/../lib/gcc/arm-none-eabi/7.1.0/../../../../arm-none-eabi/lib/thumb\libg.a(lib_a-siscanf.o)
                0x0200f338                siscanf
 .text.__sread  0x0200f384       0x34 c:/devkitpro/devkitarm/bin/../lib/gcc/arm-none-eabi/7.1.0/../../../../arm-none-eabi/lib/thumb\libg.a(lib_a-stdio.o)
                0x0200f384                __sread
 .text.__seofread
                0x0200f3b8        0x4 c:/devkitpro/devkitarm/bin/../lib/gcc/arm-none-eabi/7.1.0/../../../../arm-none-eabi/lib/thumb\libg.a(lib_a-stdio.o)
                0x0200f3b8                __seofread
 .text.__swrite
                0x0200f3bc       0x48 c:/devkitpro/devkitarm/bin/../lib/gcc/arm-none-eabi/7.1.0/../../../../arm-none-eabi/lib/thumb\libg.a(lib_a-stdio.o)
                0x0200f3bc                __swrite
 .text.__sseek  0x0200f404       0x40 c:/devkitpro/devkitarm/bin/../lib/gcc/arm-none-eabi/7.1.0/../../../../arm-none-eabi/lib/thumb\libg.a(lib_a-stdio.o)
                0x0200f404                __sseek
 .text.__sclose
                0x0200f444       0x10 c:/devkitpro/devkitarm/bin/../lib/gcc/arm-none-eabi/7.1.0/../../../../arm-none-eabi/lib/thumb\libg.a(lib_a-stdio.o)
                0x0200f444                __sclose
 .text.stpcpy   0x0200f454       0x48 c:/devkitpro/devkitarm/bin/../lib/gcc/arm-none-eabi/7.1.0/../../../../arm-none-eabi/lib/thumb\libg.a(lib_a-stpcpy.o)
                0x0200f454                stpcpy
 .text.strchr   0x0200f49c       0xd8 c:/devkitpro/devkitarm/bin/../lib/gcc/arm-none-eabi/7.1.0/../../../../arm-none-eabi/lib/thumb\libg.a(lib_a-strchr.o)
                0x0200f49c                strchr
 .text.strcpy   0x0200f574       0x10 c:/devkitpro/devkitarm/bin/../lib/gcc/arm-none-eabi/7.1.0/../../../../arm-none-eabi/lib/thumb\libg.a(lib_a-strcpy.o)
                0x0200f574                strcpy
 .text.strlen   0x0200f584       0x68 c:/devkitpro/devkitarm/bin/../lib/gcc/arm-none-eabi/7.1.0/../../../../arm-none-eabi/lib/thumb\libg.a(lib_a-strlen-stub.o)
                0x0200f584                strlen
 .text.strncasecmp
                0x0200f5ec       0x68 c:/devkitpro/devkitarm/bin/../lib/gcc/arm-none-eabi/7.1.0/../../../../arm-none-eabi/lib/thumb\libg.a(lib_a-strncasecmp.o)
                0x0200f5ec                strncasecmp
 .text.strncmp  0x0200f654       0x94 c:/devkitpro/devkitarm/bin/../lib/gcc/arm-none-eabi/7.1.0/../../../../arm-none-eabi/lib/thumb\libg.a(lib_a-strncmp.o)
                0x0200f654                strncmp
 .text.strncpy  0x0200f6e8       0x90 c:/devkitpro/devkitarm/bin/../lib/gcc/arm-none-eabi/7.1.0/../../../../arm-none-eabi/lib/thumb\libg.a(lib_a-strncpy.o)
                0x0200f6e8                strncpy
 .text.strnlen  0x0200f778       0x24 c:/devkitpro/devkitarm/bin/../lib/gcc/arm-none-eabi/7.1.0/../../../../arm-none-eabi/lib/thumb\libg.a(lib_a-strnlen.o)
                0x0200f778                strnlen
 .text.strpbrk  0x0200f79c       0x4c c:/devkitpro/devkitarm/bin/../lib/gcc/arm-none-eabi/7.1.0/../../../../arm-none-eabi/lib/thumb\libg.a(lib_a-strpbrk.o)
                0x0200f79c                strpbrk
 .text.strrchr  0x0200f7e8       0x2c c:/devkitpro/devkitarm/bin/../lib/gcc/arm-none-eabi/7.1.0/../../../../arm-none-eabi/lib/thumb\libg.a(lib_a-strrchr.o)
                0x0200f7e8                strrchr
 .text._strtol_l.isra.0
                0x0200f814      0x140 c:/devkitpro/devkitarm/bin/../lib/gcc/arm-none-eabi/7.1.0/../../../../arm-none-eabi/lib/thumb\libg.a(lib_a-strtol.o)
 .text._strtol_r
                0x0200f954       0x34 c:/devkitpro/devkitarm/bin/../lib/gcc/arm-none-eabi/7.1.0/../../../../arm-none-eabi/lib/thumb\libg.a(lib_a-strtol.o)
                0x0200f954                _strtol_r
 .text._sungetc_r
                0x0200f988       0x88 c:/devkitpro/devkitarm/bin/../lib/gcc/arm-none-eabi/7.1.0/../../../../arm-none-eabi/lib/thumb\libg.a(lib_a-svfiscanf.o)
                0x0200f988                _sungetc_r
 .text.__ssrefill_r
                0x0200fa10       0x44 c:/devkitpro/devkitarm/bin/../lib/gcc/arm-none-eabi/7.1.0/../../../../arm-none-eabi/lib/thumb\libg.a(lib_a-svfiscanf.o)
                0x0200fa10                __ssrefill_r
 .text._sfread_r
                0x0200fa54       0x90 c:/devkitpro/devkitarm/bin/../lib/gcc/arm-none-eabi/7.1.0/../../../../arm-none-eabi/lib/thumb\libg.a(lib_a-svfiscanf.o)
                0x0200fa54                _sfread_r
 .text.__ssvfiscanf_r
                0x0200fae4     0x1344 c:/devkitpro/devkitarm/bin/../lib/gcc/arm-none-eabi/7.1.0/../../../../arm-none-eabi/lib/thumb\libg.a(lib_a-svfiscanf.o)
                0x0200fae4                __ssvfiscanf_r
 .text.time     0x02010e28       0x2c c:/devkitpro/devkitarm/bin/../lib/gcc/arm-none-eabi/7.1.0/../../../../arm-none-eabi/lib/thumb\libg.a(lib_a-time.o)
                0x02010e28                time
 .text.towlower
                0x02010e54      0x75c c:/devkitpro/devkitarm/bin/../lib/gcc/arm-none-eabi/7.1.0/../../../../arm-none-eabi/lib/thumb\libg.a(lib_a-towlower.o)
                0x02010e54                towlower
 .text.towupper
                0x020115b0      0xb1c c:/devkitpro/devkitarm/bin/../lib/gcc/arm-none-eabi/7.1.0/../../../../arm-none-eabi/lib/thumb\libg.a(lib_a-towupper.o)
                0x020115b0                towupper
 .text.__tzcalc_limits
                0x020120cc      0x190 c:/devkitpro/devkitarm/bin/../lib/gcc/arm-none-eabi/7.1.0/../../../../arm-none-eabi/lib/thumb\libg.a(lib_a-tzcalc_limits.o)
                0x020120cc                __tzcalc_limits
 .text.__tz_lock
                0x0201225c       0x14 c:/devkitpro/devkitarm/bin/../lib/gcc/arm-none-eabi/7.1.0/../../../../arm-none-eabi/lib/thumb\libg.a(lib_a-tzlock.o)
                0x0201225c                __tz_lock
 .text.__tz_unlock
                0x02012270       0x14 c:/devkitpro/devkitarm/bin/../lib/gcc/arm-none-eabi/7.1.0/../../../../arm-none-eabi/lib/thumb\libg.a(lib_a-tzlock.o)
                0x02012270                __tz_unlock
 .text._tzset_unlocked
                0x02012284       0x10 c:/devkitpro/devkitarm/bin/../lib/gcc/arm-none-eabi/7.1.0/../../../../arm-none-eabi/lib/thumb\libg.a(lib_a-tzset.o)
                0x02012284                _tzset_unlocked
 .text._tzset_unlocked_r
                0x02012294      0x36c c:/devkitpro/devkitarm/bin/../lib/gcc/arm-none-eabi/7.1.0/../../../../arm-none-eabi/lib/thumb\libg.a(lib_a-tzset_r.o)
                0x02012294                _tzset_unlocked_r
 .text.__submore
                0x02012600       0x88 c:/devkitpro/devkitarm/bin/../lib/gcc/arm-none-eabi/7.1.0/../../../../arm-none-eabi/lib/thumb\libg.a(lib_a-ungetc.o)
                0x02012600                __submore
 .text.get_arg  0x02012688     0x3b24 c:/devkitpro/devkitarm/bin/../lib/gcc/arm-none-eabi/7.1.0/../../../../arm-none-eabi/lib/thumb\libg.a(lib_a-vfiprintf.o)
 .text.__sprint_r.part.0
                0x020161ac       0x14 c:/devkitpro/devkitarm/bin/../lib/gcc/arm-none-eabi/7.1.0/../../../../arm-none-eabi/lib/thumb\libg.a(lib_a-vfiprintf.o)
 .text._vfiprintf_r
                0x020161c0     0x1c48 c:/devkitpro/devkitarm/bin/../lib/gcc/arm-none-eabi/7.1.0/../../../../arm-none-eabi/lib/thumb\libg.a(lib_a-vfiprintf.o)
                0x020161c0                _vfiprintf_r
 .text.__sbprintf
                0x02017e08       0x8c c:/devkitpro/devkitarm/bin/../lib/gcc/arm-none-eabi/7.1.0/../../../../arm-none-eabi/lib/thumb\libg.a(lib_a-vfiprintf.o)
 .text._wcrtomb_r
                0x02017e94       0x84 c:/devkitpro/devkitarm/bin/../lib/gcc/arm-none-eabi/7.1.0/../../../../arm-none-eabi/lib/thumb\libg.a(lib_a-wcrtomb.o)
                0x02017e94                _wcrtomb_r
 .text.wcrtomb  0x02017f18       0x88 c:/devkitpro/devkitarm/bin/../lib/gcc/arm-none-eabi/7.1.0/../../../../arm-none-eabi/lib/thumb\libg.a(lib_a-wcrtomb.o)
                0x02017f18                wcrtomb
 .text._wcsrtombs_r
                0x02017fa0       0x1c c:/devkitpro/devkitarm/bin/../lib/gcc/arm-none-eabi/7.1.0/../../../../arm-none-eabi/lib/thumb\libg.a(lib_a-wcsrtombs.o)
                0x02017fa0                _wcsrtombs_r
 .text.wctob    0x02017fbc       0x58 c:/devkitpro/devkitarm/bin/../lib/gcc/arm-none-eabi/7.1.0/../../../../arm-none-eabi/lib/thumb\libg.a(lib_a-wctob.o)
                0x02017fbc                wctob
 .text.__utf8_wctomb
                0x02018014       0xbc c:/devkitpro/devkitarm/bin/../lib/gcc/arm-none-eabi/7.1.0/../../../../arm-none-eabi/lib/thumb\libg.a(lib_a-wctomb_r.o)
                0x02018014                __utf8_wctomb
 .text.__swsetup_r
                0x020180d0       0xd8 c:/devkitpro/devkitarm/bin/../lib/gcc/arm-none-eabi/7.1.0/../../../../arm-none-eabi/lib/thumb\libg.a(lib_a-wsetup.o)
                0x020180d0                __swsetup_r
 .text.div      0x020181a8       0x34 c:/devkitpro/devkitarm/bin/../lib/gcc/arm-none-eabi/7.1.0/../../../../arm-none-eabi/lib/thumb\libg.a(lib_a-div.o)
                0x020181a8                div
 .text.__sflags
                0x020181dc       0xa0 c:/devkitpro/devkitarm/bin/../lib/gcc/arm-none-eabi/7.1.0/../../../../arm-none-eabi/lib/thumb\libg.a(lib_a-flags.o)
                0x020181dc                __sflags
 .text.__sfvwrite_r
                0x0201827c      0x328 c:/devkitpro/devkitarm/bin/../lib/gcc/arm-none-eabi/7.1.0/../../../../arm-none-eabi/lib/thumb\libg.a(lib_a-fvwrite.o)
                0x0201827c                __sfvwrite_r
 .text._findenv_r
                0x020185a4       0x98 c:/devkitpro/devkitarm/bin/../lib/gcc/arm-none-eabi/7.1.0/../../../../arm-none-eabi/lib/thumb\libg.a(lib_a-getenv_r.o)
                0x020185a4                _findenv_r
 .text._getenv_r
                0x0201863c       0x10 c:/devkitpro/devkitarm/bin/../lib/gcc/arm-none-eabi/7.1.0/../../../../arm-none-eabi/lib/thumb\libg.a(lib_a-getenv_r.o)
                0x0201863c                _getenv_r
 .text.__gettzinfo
                0x0201864c        0x8 c:/devkitpro/devkitarm/bin/../lib/gcc/arm-none-eabi/7.1.0/../../../../arm-none-eabi/lib/thumb\libg.a(lib_a-gettzinfo.o)
                0x0201864c                __gettzinfo
 .text.gmtime_r
                0x02018654      0x1a0 c:/devkitpro/devkitarm/bin/../lib/gcc/arm-none-eabi/7.1.0/../../../../arm-none-eabi/lib/thumb\libg.a(lib_a-gmtime_r.o)
                0x02018654                gmtime_r
 .text.iswspace
                0x020187f4       0x78 c:/devkitpro/devkitarm/bin/../lib/gcc/arm-none-eabi/7.1.0/../../../../arm-none-eabi/lib/thumb\libg.a(lib_a-iswspace.o)
                0x020187f4                iswspace
 .text.__jp2uc  0x0201886c      0x1a0 c:/devkitpro/devkitarm/bin/../lib/gcc/arm-none-eabi/7.1.0/../../../../arm-none-eabi/lib/thumb\libg.a(lib_a-jp2uc.o)
 .text._jp2uc   0x02018a0c       0x8c c:/devkitpro/devkitarm/bin/../lib/gcc/arm-none-eabi/7.1.0/../../../../arm-none-eabi/lib/thumb\libg.a(lib_a-jp2uc.o)
                0x02018a0c                _jp2uc
 .text._localeconv_r
                0x02018a98       0x1c c:/devkitpro/devkitarm/bin/../lib/gcc/arm-none-eabi/7.1.0/../../../../arm-none-eabi/lib/thumb\libg.a(lib_a-localeconv.o)
                0x02018a98                _localeconv_r
 .text._mbsnrtowcs_r
                0x02018ab4       0xc0 c:/devkitpro/devkitarm/bin/../lib/gcc/arm-none-eabi/7.1.0/../../../../arm-none-eabi/lib/thumb\libg.a(lib_a-mbsnrtowcs.o)
                0x02018ab4                _mbsnrtowcs_r
 .text.memchr   0x02018b74       0x84 c:/devkitpro/devkitarm/bin/../lib/gcc/arm-none-eabi/7.1.0/../../../../arm-none-eabi/lib/thumb\libg.a(lib_a-memchr-stub.o)
                0x02018b74                memchr
 .text._realloc_r
                0x02018bf8      0x3c4 c:/devkitpro/devkitarm/bin/../lib/gcc/arm-none-eabi/7.1.0/../../../../arm-none-eabi/lib/thumb\libg.a(lib_a-reallocr.o)
                0x02018bf8                _realloc_r
 .text.__sccl   0x02018fbc       0x7c c:/devkitpro/devkitarm/bin/../lib/gcc/arm-none-eabi/7.1.0/../../../../arm-none-eabi/lib/thumb\libg.a(lib_a-sccl.o)
                0x02018fbc                __sccl
 .text._strtoll_l.isra.0
                0x02019038      0x1bc c:/devkitpro/devkitarm/bin/../lib/gcc/arm-none-eabi/7.1.0/../../../../arm-none-eabi/lib/thumb\libg.a(lib_a-strtoll.o)
 .text._strtoll_r
                0x020191f4       0x34 c:/devkitpro/devkitarm/bin/../lib/gcc/arm-none-eabi/7.1.0/../../../../arm-none-eabi/lib/thumb\libg.a(lib_a-strtoll.o)
                0x020191f4                _strtoll_r
 .text._strtoull_l.isra.0
                0x02019228      0x1c8 c:/devkitpro/devkitarm/bin/../lib/gcc/arm-none-eabi/7.1.0/../../../../arm-none-eabi/lib/thumb\libg.a(lib_a-strtoull.o)
 .text._strtoull_r
                0x020193f0       0x34 c:/devkitpro/devkitarm/bin/../lib/gcc/arm-none-eabi/7.1.0/../../../../arm-none-eabi/lib/thumb\libg.a(lib_a-strtoull.o)
                0x020193f0                _strtoull_r
 .text._strtoul_l.isra.0
                0x02019424      0x14c c:/devkitpro/devkitarm/bin/../lib/gcc/arm-none-eabi/7.1.0/../../../../arm-none-eabi/lib/thumb\libg.a(lib_a-strtoul.o)
 .text._strtoul_r
                0x02019570       0x34 c:/devkitpro/devkitarm/bin/../lib/gcc/arm-none-eabi/7.1.0/../../../../arm-none-eabi/lib/thumb\libg.a(lib_a-strtoul.o)
                0x02019570                _strtoul_r
 .text.strtoul  0x020195a4       0x38 c:/devkitpro/devkitarm/bin/../lib/gcc/arm-none-eabi/7.1.0/../../../../arm-none-eabi/lib/thumb\libg.a(lib_a-strtoul.o)
                0x020195a4                strtoul
 .text._wcsnrtombs_l
                0x020195dc      0x110 c:/devkitpro/devkitarm/bin/../lib/gcc/arm-none-eabi/7.1.0/../../../../arm-none-eabi/lib/thumb\libg.a(lib_a-wcsnrtombs.o)
                0x020195dc                _wcsnrtombs_l
 .text._wcsnrtombs_r
                0x020196ec       0x40 c:/devkitpro/devkitarm/bin/../lib/gcc/arm-none-eabi/7.1.0/../../../../arm-none-eabi/lib/thumb\libg.a(lib_a-wcsnrtombs.o)
                0x020196ec                _wcsnrtombs_r
 .text.__env_lock
                0x0201972c       0x14 c:/devkitpro/devkitarm/bin/../lib/gcc/arm-none-eabi/7.1.0/../../../../arm-none-eabi/lib/thumb\libg.a(lib_a-envlock.o)
                0x0201972c                __env_lock
 .text.__env_unlock
                0x02019740       0x14 c:/devkitpro/devkitarm/bin/../lib/gcc/arm-none-eabi/7.1.0/../../../../arm-none-eabi/lib/thumb\libg.a(lib_a-envlock.o)
                0x02019740                __env_unlock
 .text.null_write
                0x02019754        0x4 c:/devkitpro/devkitarm/bin/../lib/gcc/arm-none-eabi/7.1.0/../../../../arm-none-eabi/lib/thumb\libsysbase.a(iosupport.o)
 .text.setDefaultDevice
                0x02019758       0x10 c:/devkitpro/devkitarm/bin/../lib/gcc/arm-none-eabi/7.1.0/../../../../arm-none-eabi/lib/thumb\libsysbase.a(iosupport.o)
                0x02019758                setDefaultDevice
 .text.FindDevice
                0x02019768       0x94 c:/devkitpro/devkitarm/bin/../lib/gcc/arm-none-eabi/7.1.0/../../../../arm-none-eabi/lib/thumb\libsysbase.a(iosupport.o)
                0x02019768                FindDevice
 .text.AddDevice
                0x020197fc       0x78 c:/devkitpro/devkitarm/bin/../lib/gcc/arm-none-eabi/7.1.0/../../../../arm-none-eabi/lib/thumb\libsysbase.a(iosupport.o)
                0x020197fc                AddDevice
 .text.GetDeviceOpTab
                0x02019874       0x20 c:/devkitpro/devkitarm/bin/../lib/gcc/arm-none-eabi/7.1.0/../../../../arm-none-eabi/lib/thumb\libsysbase.a(iosupport.o)
                0x02019874                GetDeviceOpTab
 .text._close_r
                0x02019894       0x5c c:/devkitpro/devkitarm/bin/../lib/gcc/arm-none-eabi/7.1.0/../../../../arm-none-eabi/lib/thumb\libsysbase.a(close.o)
                0x02019894                _close_r
 .text._fstat_r
                0x020198f0       0x4c c:/devkitpro/devkitarm/bin/../lib/gcc/arm-none-eabi/7.1.0/../../../../arm-none-eabi/lib/thumb\libsysbase.a(fstat.o)
                0x020198f0                _fstat_r
 .text._gettimeofday_r
                0x0201993c       0x28 c:/devkitpro/devkitarm/bin/../lib/gcc/arm-none-eabi/7.1.0/../../../../arm-none-eabi/lib/thumb\libsysbase.a(gettod.o)
                0x0201993c                _gettimeofday_r
 .text._isatty_r
                0x02019964        0x4 c:/devkitpro/devkitarm/bin/../lib/gcc/arm-none-eabi/7.1.0/../../../../arm-none-eabi/lib/thumb\libsysbase.a(isatty.o)
                0x02019964                _isatty_r
 .text._lseek_r
                0x02019968       0x5c c:/devkitpro/devkitarm/bin/../lib/gcc/arm-none-eabi/7.1.0/../../../../arm-none-eabi/lib/thumb\libsysbase.a(lseek.o)
                0x02019968                _lseek_r
 .text._open_r  0x020199c4       0x94 c:/devkitpro/devkitarm/bin/../lib/gcc/arm-none-eabi/7.1.0/../../../../arm-none-eabi/lib/thumb\libsysbase.a(open.o)
                0x020199c4                _open_r
 .text._read_r  0x02019a58       0x50 c:/devkitpro/devkitarm/bin/../lib/gcc/arm-none-eabi/7.1.0/../../../../arm-none-eabi/lib/thumb\libsysbase.a(read.o)
                0x02019a58                _read_r
 .text._sbrk_r  0x02019aa8       0x54 c:/devkitpro/devkitarm/bin/../lib/gcc/arm-none-eabi/7.1.0/../../../../arm-none-eabi/lib/thumb\libsysbase.a(sbrk.o)
                0x02019aa8                _sbrk_r
 .text._write_r
                0x02019afc       0x50 c:/devkitpro/devkitarm/bin/../lib/gcc/arm-none-eabi/7.1.0/../../../../arm-none-eabi/lib/thumb\libsysbase.a(write.o)
                0x02019afc                _write_r
 .text._concatenate_path
                0x02019b4c      0x130 c:/devkitpro/devkitarm/bin/../lib/gcc/arm-none-eabi/7.1.0/../../../../arm-none-eabi/lib/thumb\libsysbase.a(chdir.o)
                0x02019b4c                _concatenate_path
 .text.chdir    0x02019c7c       0xfc c:/devkitpro/devkitarm/bin/../lib/gcc/arm-none-eabi/7.1.0/../../../../arm-none-eabi/lib/thumb\libsysbase.a(chdir.o)
                0x02019c7c                chdir
 .text.build_argv
                0x02019d78       0x4c c:/devkitpro/devkitarm/bin/../lib/gcc/arm-none-eabi/7.1.0/../../../../arm-none-eabi/lib/thumb\libsysbase.a(build_argv.o)
                0x02019d78                build_argv
 .text.__flockfile
                0x02019dc4       0x10 c:/devkitpro/devkitarm/bin/../lib/gcc/arm-none-eabi/7.1.0/../../../../arm-none-eabi/lib/thumb\libsysbase.a(flock.o)
                0x02019dc4                __flockfile
 .text.__funlockfile
                0x02019dd4       0x10 c:/devkitpro/devkitarm/bin/../lib/gcc/arm-none-eabi/7.1.0/../../../../arm-none-eabi/lib/thumb\libsysbase.a(flock.o)
                0x02019dd4                __funlockfile
 .text.__libc_lock_acquire
                0x02019de4       0x1c c:/devkitpro/devkitarm/bin/../lib/gcc/arm-none-eabi/7.1.0/../../../../arm-none-eabi/lib/thumb\libsysbase.a(syscall_support.o)
                0x02019de4                __libc_lock_acquire
 .text.__libc_lock_release
                0x02019e00       0x1c c:/devkitpro/devkitarm/bin/../lib/gcc/arm-none-eabi/7.1.0/../../../../arm-none-eabi/lib/thumb\libsysbase.a(syscall_support.o)
                0x02019e00                __libc_lock_release
 .text.__libc_lock_init_recursive
                0x02019e1c       0x1c c:/devkitpro/devkitarm/bin/../lib/gcc/arm-none-eabi/7.1.0/../../../../arm-none-eabi/lib/thumb\libsysbase.a(syscall_support.o)
                0x02019e1c                __libc_lock_init_recursive
 .text.__libc_lock_acquire_recursive
                0x02019e38       0x1c c:/devkitpro/devkitarm/bin/../lib/gcc/arm-none-eabi/7.1.0/../../../../arm-none-eabi/lib/thumb\libsysbase.a(syscall_support.o)
                0x02019e38                __libc_lock_acquire_recursive
 .text.__libc_lock_release_recursive
                0x02019e54       0x1c c:/devkitpro/devkitarm/bin/../lib/gcc/arm-none-eabi/7.1.0/../../../../arm-none-eabi/lib/thumb\libsysbase.a(syscall_support.o)
                0x02019e54                __libc_lock_release_recursive
 .text.__libc_lock_close_recursive
                0x02019e70       0x1c c:/devkitpro/devkitarm/bin/../lib/gcc/arm-none-eabi/7.1.0/../../../../arm-none-eabi/lib/thumb\libsysbase.a(syscall_support.o)
                0x02019e70                __libc_lock_close_recursive
 .text.__release_handle
                0x02019e8c       0x6c c:/devkitpro/devkitarm/bin/../lib/gcc/arm-none-eabi/7.1.0/../../../../arm-none-eabi/lib/thumb\libsysbase.a(handle_manager.o)
                0x02019e8c                __release_handle
 .text.__alloc_handle
                0x02019ef8       0x88 c:/devkitpro/devkitarm/bin/../lib/gcc/arm-none-eabi/7.1.0/../../../../arm-none-eabi/lib/thumb\libsysbase.a(handle_manager.o)
                0x02019ef8                __alloc_handle
 .text.__get_handle
                0x02019f80       0x1c c:/devkitpro/devkitarm/bin/../lib/gcc/arm-none-eabi/7.1.0/../../../../arm-none-eabi/lib/thumb\libsysbase.a(handle_manager.o)
                0x02019f80                __get_handle
 .text.__dirnext
                0x02019f9c       0x50 c:/devkitpro/devkitarm/bin/../lib/gcc/arm-none-eabi/7.1.0/../../../../arm-none-eabi/lib/thumb\libsysbase.a(dirent.o)
 .text.opendir  0x02019fec       0xb8 c:/devkitpro/devkitarm/bin/../lib/gcc/arm-none-eabi/7.1.0/../../../../arm-none-eabi/lib/thumb\libsysbase.a(dirent.o)
                0x02019fec                opendir
 .text.closedir
                0x0201a0a4       0x68 c:/devkitpro/devkitarm/bin/../lib/gcc/arm-none-eabi/7.1.0/../../../../arm-none-eabi/lib/thumb\libsysbase.a(dirent.o)
                0x0201a0a4                closedir
 .text.readdir  0x0201a10c       0x9c c:/devkitpro/devkitarm/bin/../lib/gcc/arm-none-eabi/7.1.0/../../../../arm-none-eabi/lib/thumb\libsysbase.a(dirent.o)
                0x0201a10c                readdir
 .text.__getreent
                0x0201a1a8       0x28 c:/devkitpro/devkitarm/bin/../lib/gcc/arm-none-eabi/7.1.0/../../../../arm-none-eabi/lib/thumb\libsysbase.a(getreent.o)
                0x0201a1a8                __getreent
 .text.__errno  0x0201a1d0        0xc c:/devkitpro/devkitarm/bin/../lib/gcc/arm-none-eabi/7.1.0/../../../../arm-none-eabi/lib/thumb\libg.a(lib_a-errno.o)
                0x0201a1d0                __errno
 *fill*         0x0201a1dc        0x4 ff
 .text.__errno.__stub
                0x0201a1e0       0x98 linker stubs
 *(EXCLUDE_FILE(*.twl*) .gnu.warning)
 *(EXCLUDE_FILE(*.twl*) .gnu.linkonce.t*)
 *(.glue_7)
 .glue_7        0x0201a288        0x0 linker stubs
 *(.glue_7t)
 .glue_7t       0x0201a288        0x0 linker stubs
                0x0201a288                . = ALIGN (0x4)

.vfp11_veneer   0x0201a288        0x0
 .vfp11_veneer  0x0201a288        0x0 linker stubs

.v4_bx          0x0201a288        0x0
 .v4_bx         0x0201a288        0x0 linker stubs

.iplt           0x0201a288        0x0
 .iplt          0x0201a288        0x0 c:/devkitpro/devkitarm/bin/../lib/gcc/arm-none-eabi/7.1.0/../../../../arm-none-eabi/lib/thumb/ds_arm9_crt0.o

.fini           0x0201a288        0xc
 *(.fini)
 .fini          0x0201a288        0x4 c:/devkitpro/devkitarm/bin/../lib/gcc/arm-none-eabi/7.1.0/thumb/crti.o
                0x0201a288                _fini
 .fini          0x0201a28c        0x8 c:/devkitpro/devkitarm/bin/../lib/gcc/arm-none-eabi/7.1.0/thumb/crtn.o
                0x0201a294                __text_end = .

.rodata         0x0201a294     0xbee0
 *(EXCLUDE_FILE(*.twl*) .rodata)
 .rodata        0x0201a294       0x10 main.o
 .rodata        0x0201a2a4      0x2d4 chip8.o
 .rodata        0x0201a578     0x2004 C:/devkitPro/libnds/lib\libnds9.a(default_font.bin.o)
                0x0201a578                default_font_bin
                0x0201c578                default_font_bin_size
                0x0201c578                default_font_bin_end
 *all.rodata*(*)
 *(EXCLUDE_FILE(*.twl*) .roda)
 *(EXCLUDE_FILE(*.twl*) .rodata.*)
 .rodata.str1.4
                0x0201c57c       0xde main.o
 *fill*         0x0201c65a        0x2 ff
 .rodata.str1.4
                0x0201c65c        0x3 chip8.o
 *fill*         0x0201c65f        0x1 ff
 .rodata.dotab_fat
                0x0201c660       0x68 C:/devkitPro/libnds/lib\libfat.a(libfat.o)
 .rodata.fatInit.str1.4
                0x0201c6c8        0x3 C:/devkitPro/libnds/lib\libfat.a(libfat.o)
 *fill*         0x0201c6cb        0x1 ff
 .rodata.fatMount.str1.4
                0x0201c6cc        0x2 C:/devkitPro/libnds/lib\libfat.a(libfat.o)
 *fill*         0x0201c6ce        0x2 ff
 .rodata.str1.4
                0x0201c6d0        0x4 C:/devkitPro/libnds/lib\libfat.a(libfat.o)
 .rodata.FAT_SIG
                0x0201c6d4        0x3 C:/devkitPro/libnds/lib\libfat.a(partition.o)
 *fill*         0x0201c6d7        0x1 ff
 .rodata.FS_INFO_SIG1
                0x0201c6d8        0x4 C:/devkitPro/libnds/lib\libfat.a(partition.o)
 .rodata.FS_INFO_SIG2
                0x0201c6dc        0x4 C:/devkitPro/libnds/lib\libfat.a(partition.o)
 .rodata._FAT_disc_interfaces
                0x0201c6e0       0x18 C:/devkitPro/libnds/lib\libfat.a(disc.o)
                0x0201c6e0                _FAT_disc_interfaces
 .rodata.str1.4
                0x0201c6f8        0x3 C:/devkitPro/libnds/lib\libfat.a(disc.o)
                                  0x8 (size before relaxing)
 *fill*         0x0201c6fb        0x1 ff
 .rodata.ILLEGAL_ALIAS_CHARACTERS
                0x0201c6fc       0x12 C:/devkitPro/libnds/lib\libfat.a(directory.o)
 *fill*         0x0201c70e        0x2 ff
 .rodata.ILLEGAL_LFN_CHARACTERS
                0x0201c710        0xa C:/devkitPro/libnds/lib\libfat.a(directory.o)
 *fill*         0x0201c71a        0x2 ff
 .rodata.LFN_offset_table
                0x0201c71c       0x34 C:/devkitPro/libnds/lib\libfat.a(directory.o)
 .rodata._FAT_directory_entryFromPath.str1.4
                0x0201c750        0x7 C:/devkitPro/libnds/lib\libfat.a(directory.o)
 *fill*         0x0201c757        0x1 ff
 .rodata.con_write
                0x0201c758       0xd4 C:/devkitPro/libnds/lib\libnds9.a(console.o)
 .rodata.con_write.str1.4
                0x0201c82c       0x30 C:/devkitPro/libnds/lib\libnds9.a(console.o)
 .rodata.consoleClear.str1.4
                0x0201c85c        0x5 C:/devkitPro/libnds/lib\libnds9.a(console.o)
 *fill*         0x0201c861        0x3 ff
 .rodata.dotab_stdout
                0x0201c864       0x68 C:/devkitPro/libnds/lib\libnds9.a(console.o)
 .rodata.str1.4
                0x0201c8cc       0x14 C:/devkitPro/libnds/lib\libnds9.a(console.o)
 .rodata.SIN_LUT
                0x0201c8e0      0x102 C:/devkitPro/libnds/lib\libnds9.a(trig.o)
                0x0201c8e0                SIN_LUT
 *fill*         0x0201c9e2        0x2 ff
 .rodata._global_impure_ptr
                0x0201c9e4        0x4 c:/devkitpro/devkitarm/bin/../lib/gcc/arm-none-eabi/7.1.0/../../../../arm-none-eabi/lib/thumb\libg.a(lib_a-impure.o)
                0x0201c9e4                _global_impure_ptr
 .rodata.str1.4
                0x0201c9e8       0x44 c:/devkitpro/devkitarm/bin/../lib/gcc/arm-none-eabi/7.1.0/../../../../arm-none-eabi/lib/thumb\libg.a(lib_a-locale.o)
                                 0x4c (size before relaxing)
 .rodata._mbrtowc_r.str1.4
                0x0201ca2c        0x1 c:/devkitpro/devkitarm/bin/../lib/gcc/arm-none-eabi/7.1.0/../../../../arm-none-eabi/lib/thumb\libg.a(lib_a-mbrtowc.o)
 .rodata.DAYS_IN_MONTH
                0x0201ca2c       0x30 c:/devkitpro/devkitarm/bin/../lib/gcc/arm-none-eabi/7.1.0/../../../../arm-none-eabi/lib/thumb\libg.a(lib_a-mktime.o)
 .rodata._DAYS_BEFORE_MONTH
                0x0201ca5c       0x30 c:/devkitpro/devkitarm/bin/../lib/gcc/arm-none-eabi/7.1.0/../../../../arm-none-eabi/lib/thumb\libg.a(lib_a-mktime.o)
 .rodata.__month_lengths
                0x0201ca8c       0x60 c:/devkitpro/devkitarm/bin/../lib/gcc/arm-none-eabi/7.1.0/../../../../arm-none-eabi/lib/thumb\libg.a(lib_a-month_lengths.o)
                0x0201ca8c                __month_lengths
 .rodata.__ssvfiscanf_r
                0x0201caec      0x324 c:/devkitpro/devkitarm/bin/../lib/gcc/arm-none-eabi/7.1.0/../../../../arm-none-eabi/lib/thumb\libg.a(lib_a-svfiscanf.o)
 .rodata.basefix.6821
                0x0201ce10       0x22 c:/devkitpro/devkitarm/bin/../lib/gcc/arm-none-eabi/7.1.0/../../../../arm-none-eabi/lib/thumb\libg.a(lib_a-svfiscanf.o)
 *fill*         0x0201ce32        0x2 ff
 .rodata.towlower
                0x0201ce34      0x674 c:/devkitpro/devkitarm/bin/../lib/gcc/arm-none-eabi/7.1.0/../../../../arm-none-eabi/lib/thumb\libg.a(lib_a-towlower.o)
 .rodata.towupper
                0x0201d4a8      0x2dc c:/devkitpro/devkitarm/bin/../lib/gcc/arm-none-eabi/7.1.0/../../../../arm-none-eabi/lib/thumb\libg.a(lib_a-towupper.o)
 .rodata._tzset_unlocked_r.str1.4
                0x0201d784       0x53 c:/devkitpro/devkitarm/bin/../lib/gcc/arm-none-eabi/7.1.0/../../../../arm-none-eabi/lib/thumb\libg.a(lib_a-tzset_r.o)
 .rodata.str1.4
                0x0201d7d7        0x4 c:/devkitpro/devkitarm/bin/../lib/gcc/arm-none-eabi/7.1.0/../../../../arm-none-eabi/lib/thumb\libg.a(lib_a-tzvars.o)
 *fill*         0x0201d7d7        0x1 ff
 .rodata.get_arg
                0x0201d7d8     0x4f8c c:/devkitpro/devkitarm/bin/../lib/gcc/arm-none-eabi/7.1.0/../../../../arm-none-eabi/lib/thumb\libg.a(lib_a-vfiprintf.o)
 .rodata._vfiprintf_r
                0x02022764      0x16c c:/devkitpro/devkitarm/bin/../lib/gcc/arm-none-eabi/7.1.0/../../../../arm-none-eabi/lib/thumb\libg.a(lib_a-vfiprintf.o)
 .rodata._vfiprintf_r.str1.4
                0x020228d0       0x2f c:/devkitpro/devkitarm/bin/../lib/gcc/arm-none-eabi/7.1.0/../../../../arm-none-eabi/lib/thumb\libg.a(lib_a-vfiprintf.o)
 *fill*         0x020228ff        0x1 ff
 .rodata.blanks.7270
                0x02022900       0x10 c:/devkitpro/devkitarm/bin/../lib/gcc/arm-none-eabi/7.1.0/../../../../arm-none-eabi/lib/thumb\libg.a(lib_a-vfiprintf.o)
 .rodata.zeroes.7271
                0x02022910       0x10 c:/devkitpro/devkitarm/bin/../lib/gcc/arm-none-eabi/7.1.0/../../../../arm-none-eabi/lib/thumb\libg.a(lib_a-vfiprintf.o)
 .rodata._ctype_
                0x02022920      0x101 c:/devkitpro/devkitarm/bin/../lib/gcc/arm-none-eabi/7.1.0/../../../../arm-none-eabi/lib/thumb\libg.a(lib_a-ctype_.o)
                0x02022920                _ctype_
 *fill*         0x02022a21        0x3 ff
 .rodata.__jp2uc
                0x02022a24       0x20 c:/devkitpro/devkitarm/bin/../lib/gcc/arm-none-eabi/7.1.0/../../../../arm-none-eabi/lib/thumb\libg.a(lib_a-jp2uc.o)
 .rodata._jp2uc.str1.4
                0x02022a44       0x12 c:/devkitpro/devkitarm/bin/../lib/gcc/arm-none-eabi/7.1.0/../../../../arm-none-eabi/lib/thumb\libg.a(lib_a-jp2uc.o)
 *fill*         0x02022a56        0x2 ff
 .rodata.a1     0x02022a58       0xbc c:/devkitpro/devkitarm/bin/../lib/gcc/arm-none-eabi/7.1.0/../../../../arm-none-eabi/lib/thumb\libg.a(lib_a-jp2uc.o)
 .rodata.a2     0x02022b14       0xbc c:/devkitpro/devkitarm/bin/../lib/gcc/arm-none-eabi/7.1.0/../../../../arm-none-eabi/lib/thumb\libg.a(lib_a-jp2uc.o)
 .rodata.a3     0x02022bd0       0x5b c:/devkitpro/devkitarm/bin/../lib/gcc/arm-none-eabi/7.1.0/../../../../arm-none-eabi/lib/thumb\libg.a(lib_a-jp2uc.o)
 *fill*         0x02022c2b        0x1 ff
 .rodata.a6     0x02022c2c       0x70 c:/devkitpro/devkitarm/bin/../lib/gcc/arm-none-eabi/7.1.0/../../../../arm-none-eabi/lib/thumb\libg.a(lib_a-jp2uc.o)
 .rodata.a7     0x02022c9c       0xa2 c:/devkitpro/devkitarm/bin/../lib/gcc/arm-none-eabi/7.1.0/../../../../arm-none-eabi/lib/thumb\libg.a(lib_a-jp2uc.o)
 *fill*         0x02022d3e        0x2 ff
 .rodata.a8     0x02022d40       0x40 c:/devkitpro/devkitarm/bin/../lib/gcc/arm-none-eabi/7.1.0/../../../../arm-none-eabi/lib/thumb\libg.a(lib_a-jp2uc.o)
 .rodata.b02cf  0x02022d80     0x172a c:/devkitpro/devkitarm/bin/../lib/gcc/arm-none-eabi/7.1.0/../../../../arm-none-eabi/lib/thumb\libg.a(lib_a-jp2uc.o)
 *fill*         0x020244aa        0x2 ff
 .rodata.d02f4  0x020244ac     0x1a7c c:/devkitpro/devkitarm/bin/../lib/gcc/arm-none-eabi/7.1.0/../../../../arm-none-eabi/lib/thumb\libg.a(lib_a-jp2uc.o)
 .rodata.__action_table
                0x02025f28       0x6c c:/devkitpro/devkitarm/bin/../lib/gcc/arm-none-eabi/7.1.0/../../../../arm-none-eabi/lib/thumb\libg.a(lib_a-svfiprintf.o)
                0x02025f28                __action_table
 .rodata.__chclass
                0x02025f94      0x100 c:/devkitpro/devkitarm/bin/../lib/gcc/arm-none-eabi/7.1.0/../../../../arm-none-eabi/lib/thumb\libg.a(lib_a-svfiprintf.o)
                0x02025f94                __chclass
 .rodata.__state_table
                0x02026094       0x6c c:/devkitpro/devkitarm/bin/../lib/gcc/arm-none-eabi/7.1.0/../../../../arm-none-eabi/lib/thumb\libg.a(lib_a-svfiprintf.o)
                0x02026094                __state_table
 .rodata.AddDevice.str1.4
                0x02026100        0x8 c:/devkitpro/devkitarm/bin/../lib/gcc/arm-none-eabi/7.1.0/../../../../arm-none-eabi/lib/thumb\libsysbase.a(iosupport.o)
 .rodata.dotab_stdnull
                0x02026108       0x68 c:/devkitpro/devkitarm/bin/../lib/gcc/arm-none-eabi/7.1.0/../../../../arm-none-eabi/lib/thumb\libsysbase.a(iosupport.o)
                0x02026108                dotab_stdnull
 .rodata.DIRECTORY_PARENT
                0x02026170        0x3 c:/devkitpro/devkitarm/bin/../lib/gcc/arm-none-eabi/7.1.0/../../../../arm-none-eabi/lib/thumb\libsysbase.a(chdir.o)
                0x02026170                DIRECTORY_PARENT
 *(EXCLUDE_FILE(*.twl*) .gnu.linkonce.r*)
                0x02026174                . = ALIGN (0x4)
 *fill*         0x02026173        0x1 ff

.ARM.extab
 *(.ARM.extab* .gnu.linkonce.armextab.*)
                0x02026174                __exidx_start = .

ARM.exidx
 *(.ARM.exidx* .gnu.linkonce.armexidx.*)
                0x02026174                __exidx_end = .
                0x02026174                . = ALIGN (0x4)
                0x02026174                PROVIDE (__preinit_array_start, .)

.preinit_array
 *(.preinit_array)
                0x02026174                PROVIDE (__preinit_array_end, .)
                0x02026174                PROVIDE (__init_array_start, .)

.init_array     0x02026174        0x4
 *(SORT(.init_array.*))
 *(.init_array)
 .init_array    0x02026174        0x4 c:/devkitpro/devkitarm/bin/../lib/gcc/arm-none-eabi/7.1.0/thumb/crtbegin.o
                0x02026178                PROVIDE (__init_array_end, .)
                [!provide]                PROVIDE (__fini_array_start, .)

.fini_array     0x02026178        0x4
 *(.fini_array)
 .fini_array    0x02026178        0x4 c:/devkitpro/devkitarm/bin/../lib/gcc/arm-none-eabi/7.1.0/thumb/crtbegin.o
 *(SORT(.fini_array.*))
                [!provide]                PROVIDE (__fini_array_end, .)

.ctors          0x0202617c        0x0
 *crtbegin.o(.ctors)
 *(EXCLUDE_FILE(*crtend.o) .ctors)
 *(SORT(.ctors.*))
 *(.ctors)
                0x0202617c                . = ALIGN (0x4)

.dtors          0x0202617c        0x0
 *crtbegin.o(.dtors)
 *(EXCLUDE_FILE(*crtend.o) .dtors)
 *(SORT(.dtors.*))
 *(.dtors)
                0x0202617c                . = ALIGN (0x4)

.eh_frame       0x0202617c        0x4
 *(.eh_frame)
 .eh_frame      0x0202617c        0x0 c:/devkitpro/devkitarm/bin/../lib/gcc/arm-none-eabi/7.1.0/thumb/crtbegin.o
 .eh_frame      0x0202617c        0x4 c:/devkitpro/devkitarm/bin/../lib/gcc/arm-none-eabi/7.1.0/thumb/crtend.o
                0x02026180                . = ALIGN (0x4)

.gcc_except_table
                0x02026180        0x0
 *(.gcc_except_table)
                0x02026180                . = ALIGN (0x4)

.jcr
 *(.jcr)

.got
 *(.got.plt)
 *(.got)
 *(.rel.got)

.ewram          0x02026180        0x0
                0x02026180                __ewram_start = ABSOLUTE (.)
 *(.ewram)
 *ewram.*(.text)
                0x02026180                . = ALIGN (0x4)

.data           0x02026180     0x2cc0
                0x02026180                __data_start = ABSOLUTE (.)
 *(EXCLUDE_FILE(*.twl*) .data)
 .data          0x02026180       0xf0 chip8.o
                0x02026180                fontset
                0x020261d0                fontset_ten
 .data          0x02026270       0x28 C:/devkitPro/libnds/lib\libnds9.a(mpu_setup.o)
 *(EXCLUDE_FILE(*.twl*) .data.*)
 .data.count    0x02026298        0x1 C:/devkitPro/libnds/lib\libnds9.a(keys.o)
 .data.delay    0x02026299        0x1 C:/devkitPro/libnds/lib\libnds9.a(keys.o)
 .data.repeat   0x0202629a        0x1 C:/devkitPro/libnds/lib\libnds9.a(keys.o)
 *fill*         0x0202629b        0x1 ff
 .data.currentConsole
                0x0202629c        0x4 C:/devkitPro/libnds/lib\libnds9.a(console.o)
                0x0202629c                currentConsole
 .data.defaultConsole
                0x020262a0       0x5c C:/devkitPro/libnds/lib\libnds9.a(console.o)
                0x020262a0                defaultConsole
 .data.firstConsoleInit.6490
                0x020262fc        0x1 C:/devkitPro/libnds/lib\libnds9.a(console.o)
 *fill*         0x020262fd        0x3 ff
 .data.bgControl
                0x02026300       0x20 C:/devkitPro/libnds/lib\libnds9.a(background.o)
                0x02026300                bgControl
 .data.bgScrollTable
                0x02026320       0x20 C:/devkitPro/libnds/lib\libnds9.a(background.o)
                0x02026320                bgScrollTable
 .data.bgTransform
                0x02026340       0x20 C:/devkitPro/libnds/lib\libnds9.a(background.o)
                0x02026340                bgTransform
 .data.fifo_buffer_free
                0x02026360        0x4 C:/devkitPro/libnds/lib\libnds9.a(fifosystem.o)
                0x02026360                fifo_buffer_free
 .data.fifo_freewords
                0x02026364        0x4 C:/devkitPro/libnds/lib\libnds9.a(fifosystem.o)
                0x02026364                fifo_freewords
 .data.fifo_receive_queue
                0x02026368        0x4 C:/devkitPro/libnds/lib\libnds9.a(fifosystem.o)
                0x02026368                fifo_receive_queue
 .data.fifo_send_queue
                0x0202636c        0x4 C:/devkitPro/libnds/lib\libnds9.a(fifosystem.o)
                0x0202636c                fifo_send_queue
 .data.__sfp_lock
                0x02026370        0xc c:/devkitpro/devkitarm/bin/../lib/gcc/arm-none-eabi/7.1.0/../../../../arm-none-eabi/lib/thumb\libg.a(lib_a-findfp.o)
 .data.__sinit_lock
                0x0202637c        0xc c:/devkitpro/devkitarm/bin/../lib/gcc/arm-none-eabi/7.1.0/../../../../arm-none-eabi/lib/thumb\libg.a(lib_a-findfp.o)
 .data._impure_ptr
                0x02026388        0x4 c:/devkitpro/devkitarm/bin/../lib/gcc/arm-none-eabi/7.1.0/../../../../arm-none-eabi/lib/thumb\libg.a(lib_a-impure.o)
                0x02026388                _impure_ptr
 *fill*         0x0202638c        0x4 ff
 .data.impure_data
                0x02026390      0x460 c:/devkitpro/devkitarm/bin/../lib/gcc/arm-none-eabi/7.1.0/../../../../arm-none-eabi/lib/thumb\libg.a(lib_a-impure.o)
 .data.__global_locale
                0x020267f0      0x16c c:/devkitpro/devkitarm/bin/../lib/gcc/arm-none-eabi/7.1.0/../../../../arm-none-eabi/lib/thumb\libg.a(lib_a-locale.o)
                0x020267f0                __global_locale
 .data.__malloc_av_
                0x0202695c      0x408 c:/devkitpro/devkitarm/bin/../lib/gcc/arm-none-eabi/7.1.0/../../../../arm-none-eabi/lib/thumb\libg.a(lib_a-mallocr.o)
                0x0202695c                __malloc_av_
 .data.__malloc_sbrk_base
                0x02026d64        0x4 c:/devkitpro/devkitarm/bin/../lib/gcc/arm-none-eabi/7.1.0/../../../../arm-none-eabi/lib/thumb\libg.a(lib_a-mallocr.o)
                0x02026d64                __malloc_sbrk_base
 .data.__malloc_trim_threshold
                0x02026d68        0x4 c:/devkitpro/devkitarm/bin/../lib/gcc/arm-none-eabi/7.1.0/../../../../arm-none-eabi/lib/thumb\libg.a(lib_a-mallocr.o)
                0x02026d68                __malloc_trim_threshold
 .data.__malloc_lock_object
                0x02026d6c        0xc c:/devkitpro/devkitarm/bin/../lib/gcc/arm-none-eabi/7.1.0/../../../../arm-none-eabi/lib/thumb\libg.a(lib_a-mlock.o)
 .data.__tz_lock_object
                0x02026d78        0x4 c:/devkitpro/devkitarm/bin/../lib/gcc/arm-none-eabi/7.1.0/../../../../arm-none-eabi/lib/thumb\libg.a(lib_a-tzlock.o)
 .data._tzname  0x02026d7c        0x8 c:/devkitpro/devkitarm/bin/../lib/gcc/arm-none-eabi/7.1.0/../../../../arm-none-eabi/lib/thumb\libg.a(lib_a-tzvars.o)
                0x02026d7c                _tzname
 .data.tzinfo   0x02026d84       0x40 c:/devkitpro/devkitarm/bin/../lib/gcc/arm-none-eabi/7.1.0/../../../../arm-none-eabi/lib/thumb\libg.a(lib_a-gettzinfo.o)
 .data.environ  0x02026dc4        0x4 c:/devkitpro/devkitarm/bin/../lib/gcc/arm-none-eabi/7.1.0/../../../../arm-none-eabi/lib/thumb\libg.a(lib_a-environ.o)
                0x02026dc4                environ
 .data.__env_lock_object
                0x02026dc8        0xc c:/devkitpro/devkitarm/bin/../lib/gcc/arm-none-eabi/7.1.0/../../../../arm-none-eabi/lib/thumb\libg.a(lib_a-envlock.o)
 .data.defaultDevice
                0x02026dd4        0x4 c:/devkitpro/devkitarm/bin/../lib/gcc/arm-none-eabi/7.1.0/../../../../arm-none-eabi/lib/thumb\libsysbase.a(iosupport.o)
 .data.devoptab_list
                0x02026dd8       0x40 c:/devkitpro/devkitarm/bin/../lib/gcc/arm-none-eabi/7.1.0/../../../../arm-none-eabi/lib/thumb\libsysbase.a(iosupport.o)
                0x02026dd8                devoptab_list
 .data._current_working_directory
                0x02026e18     0x1000 c:/devkitpro/devkitarm/bin/../lib/gcc/arm-none-eabi/7.1.0/../../../../arm-none-eabi/lib/thumb\libsysbase.a(chdir.o)
 .data.__hndl_lock
                0x02027e18        0x4 c:/devkitpro/devkitarm/bin/../lib/gcc/arm-none-eabi/7.1.0/../../../../arm-none-eabi/lib/thumb\libsysbase.a(handle_manager.o)
 .data.__stderr_handle
                0x02027e1c        0xc c:/devkitpro/devkitarm/bin/../lib/gcc/arm-none-eabi/7.1.0/../../../../arm-none-eabi/lib/thumb\libsysbase.a(handle_manager.o)
 .data.__stdin_handle
                0x02027e28        0xc c:/devkitpro/devkitarm/bin/../lib/gcc/arm-none-eabi/7.1.0/../../../../arm-none-eabi/lib/thumb\libsysbase.a(handle_manager.o)
 .data.__stdout_handle
                0x02027e34        0xc c:/devkitpro/devkitarm/bin/../lib/gcc/arm-none-eabi/7.1.0/../../../../arm-none-eabi/lib/thumb\libsysbase.a(handle_manager.o)
 .data.handles  0x02027e40     0x1000 c:/devkitpro/devkitarm/bin/../lib/gcc/arm-none-eabi/7.1.0/../../../../arm-none-eabi/lib/thumb\libsysbase.a(handle_manager.o)
 *(EXCLUDE_FILE(*.twl*) .gnu.linkonce.d*)
                0x02028e40                . = ALIGN (0x4)
                0x02028e40                __data_end = ABSOLUTE (.)
                0x02028e40                __bss_vma = .

.igot.plt       0x02028e40        0x0
 .igot.plt      0x02028e40        0x0 c:/devkitpro/devkitarm/bin/../lib/gcc/arm-none-eabi/7.1.0/../../../../arm-none-eabi/lib/thumb/ds_arm9_crt0.o

.tm_clone_table
                0x02028e40        0x0
 .tm_clone_table
                0x02028e40        0x0 c:/devkitpro/devkitarm/bin/../lib/gcc/arm-none-eabi/7.1.0/thumb/crtbegin.o
 .tm_clone_table
                0x02028e40        0x0 c:/devkitpro/devkitarm/bin/../lib/gcc/arm-none-eabi/7.1.0/thumb/crtend.o

.dtcm           0x0b000000        0x0 load address 0x02028e40
                0x02028e40                __dtcm_lma = LOADADDR (.dtcm)
                0x0b000000                __dtcm_start = ABSOLUTE (.)
 *(.dtcm)
 *(.dtcm.*)
                0x0b000000                . = ALIGN (0x4)
                0x0b000000                __dtcm_end = ABSOLUTE (.)

.itcm           0x01000100      0x194 load address 0x02028e40
                0x02028e40                __itcm_lma = LOADADDR (.itcm)
                0x01000100                __itcm_start = ABSOLUTE (.)
 *(.itcm)
 .itcm          0x01000100       0xc8 C:/devkitPro/libnds/lib\libnds9.a(interrupts.o)
                0x01000100                irqTable
 .itcm          0x010001c8       0xcc C:/devkitPro/libnds/lib\libnds9.a(interruptDispatcher.o)
                0x010001c8                IntrMain
 *.itcm*(.text .stub .text.*)
                0x01000294                . = ALIGN (0x4)
                0x01000294                __itcm_end = ABSOLUTE (.)

.vectors        0x01000000        0x0 load address 0x02028fd4
                0x02028fd4                __vectors_lma = LOADADDR (.vectors)
                0x01000000                __vectors_start = ABSOLUTE (.)
 *(.vectors)
 *.vectors*(.text .stub .text.*)
                0x01000000                . = ALIGN (0x4)
                0x01000000                __vectors_end = ABSOLUTE (.)

.sbss           0x0b000000        0x0
                0x0b000000                __sbss_start = ABSOLUTE (.)
                0x0b000000                __sbss_start__ = ABSOLUTE (.)
 *(.sbss)
                0x0b000000                . = ALIGN (0x4)
                0x0b000000                __sbss_end = ABSOLUTE (.)

.bss            0x02028e40    0x27770
                0x02028e40                __bss_start = ABSOLUTE (.)
                0x02028e40                __bss_start__ = ABSOLUTE (.)
 *(EXCLUDE_FILE(*.twl*) .dynbss)
 *(EXCLUDE_FILE(*.twl*) .gnu.linkonce.b*)
 *(EXCLUDE_FILE(*.twl*) .bss*)
 .bss.completed.6484
                0x02028e40        0x1 c:/devkitpro/devkitarm/bin/../lib/gcc/arm-none-eabi/7.1.0/thumb/crtbegin.o
 *fill*         0x02028e41        0x3 
 .bss.object.6489
                0x02028e44       0x18 c:/devkitpro/devkitarm/bin/../lib/gcc/arm-none-eabi/7.1.0/thumb/crtbegin.o
 .bss           0x02028e5c        0xc main.o
                0x02028e5c                startPos
                0x02028e60                selectedFile
                0x02028e64                numFiles
 .bss           0x02028e68       0x23 chip8.o
                0x02028e68                sound_timer
                0x02028e6a                delay_timer
                0x02028e6c                sp
                0x02028e6e                I
                0x02028e70                opcode
                0x02028e72                pc
                0x02028e74                extendedScreen
                0x02028e78                keys
                0x02028e88                playing
                0x02028e89                paused
                0x02028e8a                drawFlag
 *fill*         0x02028e8b        0x1 
 .bss.accessCounter
                0x02028e8c        0x4 C:/devkitPro/libnds/lib\libfat.a(cache.o)
 .bss.keys      0x02028e90        0x2 C:/devkitPro/libnds/lib\libnds9.a(keys.o)
 .bss.keysold   0x02028e92        0x2 C:/devkitPro/libnds/lib\libnds9.a(keys.o)
 .bss.keysrepeat
                0x02028e94        0x2 C:/devkitPro/libnds/lib\libnds9.a(keys.o)
 *fill*         0x02028e96        0x2 
 .bss.__timeout
                0x02028e98        0x4 C:/devkitPro/libnds/lib\libnds9.a(fifosystem.o)
 .bss.processing
                0x02028e9c        0x4 C:/devkitPro/libnds/lib\libnds9.a(fifosystem.o)
                0x02028e9c                processing
 .bss.SDcallback
                0x02028ea0        0x4 C:/devkitPro/libnds/lib\libnds9.a(system.o)
 .bss.__malloc_current_mallinfo
                0x02028ea4       0x28 c:/devkitpro/devkitarm/bin/../lib/gcc/arm-none-eabi/7.1.0/../../../../arm-none-eabi/lib/thumb\libg.a(lib_a-mallocr.o)
                0x02028ea4                __malloc_current_mallinfo
 .bss.__malloc_max_sbrked_mem
                0x02028ecc        0x4 c:/devkitpro/devkitarm/bin/../lib/gcc/arm-none-eabi/7.1.0/../../../../arm-none-eabi/lib/thumb\libg.a(lib_a-mallocr.o)
                0x02028ecc                __malloc_max_sbrked_mem
 .bss.__malloc_max_total_mem
                0x02028ed0        0x4 c:/devkitpro/devkitarm/bin/../lib/gcc/arm-none-eabi/7.1.0/../../../../arm-none-eabi/lib/thumb\libg.a(lib_a-mallocr.o)
                0x02028ed0                __malloc_max_total_mem
 .bss.__malloc_top_pad
                0x02028ed4        0x4 c:/devkitpro/devkitarm/bin/../lib/gcc/arm-none-eabi/7.1.0/../../../../arm-none-eabi/lib/thumb\libg.a(lib_a-mallocr.o)
                0x02028ed4                __malloc_top_pad
 .bss.__tzname_dst
                0x02028ed8        0xb c:/devkitpro/devkitarm/bin/../lib/gcc/arm-none-eabi/7.1.0/../../../../arm-none-eabi/lib/thumb\libg.a(lib_a-tzset_r.o)
 *fill*         0x02028ee3        0x1 
 .bss.__tzname_std
                0x02028ee4        0xb c:/devkitpro/devkitarm/bin/../lib/gcc/arm-none-eabi/7.1.0/../../../../arm-none-eabi/lib/thumb\libg.a(lib_a-tzset_r.o)
 *fill*         0x02028eef        0x1 
 .bss.prev_tzenv
                0x02028ef0        0x4 c:/devkitpro/devkitarm/bin/../lib/gcc/arm-none-eabi/7.1.0/../../../../arm-none-eabi/lib/thumb\libg.a(lib_a-tzset_r.o)
 .bss._daylight
                0x02028ef4        0x4 c:/devkitpro/devkitarm/bin/../lib/gcc/arm-none-eabi/7.1.0/../../../../arm-none-eabi/lib/thumb\libg.a(lib_a-tzvars.o)
                0x02028ef4                _daylight
 .bss._timezone
                0x02028ef8        0x4 c:/devkitpro/devkitarm/bin/../lib/gcc/arm-none-eabi/7.1.0/../../../../arm-none-eabi/lib/thumb\libg.a(lib_a-tzvars.o)
                0x02028ef8                _timezone
 .bss.initial_env
                0x02028efc        0x4 c:/devkitpro/devkitarm/bin/../lib/gcc/arm-none-eabi/7.1.0/../../../../arm-none-eabi/lib/thumb\libg.a(lib_a-environ.o)
 .bss.heap_start.5814
                0x02028f00        0x4 c:/devkitpro/devkitarm/bin/../lib/gcc/arm-none-eabi/7.1.0/../../../../arm-none-eabi/lib/thumb\libsysbase.a(sbrk.o)
 .bss.fake_heap_end
                0x02028f04        0x4 c:/devkitpro/devkitarm/bin/../lib/gcc/arm-none-eabi/7.1.0/../../../../arm-none-eabi/lib/thumb\libsysbase.a(malloc_vars.o)
                0x02028f04                fake_heap_end
 .bss.fake_heap_start
                0x02028f08        0x4 c:/devkitpro/devkitarm/bin/../lib/gcc/arm-none-eabi/7.1.0/../../../../arm-none-eabi/lib/thumb\libsysbase.a(malloc_vars.o)
                0x02028f08                fake_heap_start
 .bss.temp_cwd  0x02028f0c     0x1000 c:/devkitpro/devkitarm/bin/../lib/gcc/arm-none-eabi/7.1.0/../../../../arm-none-eabi/lib/thumb\libsysbase.a(chdir.o)
 .bss.__syscalls
                0x02029f0c       0x38 c:/devkitpro/devkitarm/bin/../lib/gcc/arm-none-eabi/7.1.0/../../../../arm-none-eabi/lib/thumb\libsysbase.a(syscall_support.o)
                0x02029f0c                __syscalls
 *(EXCLUDE_FILE(*.twl*) COMMON)
 COMMON         0x02029f44     0x1c14 main.o
                0x02029f44                touch
                0x02029f50                pastPath
                0x0202a054                filePath
                0x0202a158                fileNames
 COMMON         0x0202bb58    0x23e69 chip8.o
                0x0202bb58                SV
                0x0202bb60                indx
                0x0202bb62                _y
                0x0202bb64                memory
                0x0203bb64                stack
                0x0203bb84                controlMap
                0x0203bb94                plane
                0x0203bb98                V
                0x0203bba8                keypad
                0x0203bbb8                pixel
                0x0203bbba                screen_width
                0x0203bbbc                canvas_data
                0x0203fbbc                screen_height
                0x0203fbbd                step
                0x0203fbc0                game_data
                0x0204f9c0                _x
 *fill*         0x0204f9c1        0x3 
 COMMON         0x0204f9c4       0x5c C:/devkitPro/libnds/lib\libnds9.a(console.o)
                0x0204f9c4                currentCopy
 COMMON         0x0204fa20      0x148 C:/devkitPro/libnds/lib\libnds9.a(background.o)
                0x0204fa20                bgState
                0x0204fb60                bgIsTextLut
 COMMON         0x0204fb68        0x1 C:/devkitPro/libnds/lib\libnds9.a(initSystem.o)
                0x0204fb68                __dsimode
 *fill*         0x0204fb69        0x3 
 COMMON         0x0204fb6c      0xa40 C:/devkitPro/libnds/lib\libnds9.a(fifosystem.o)
                0x0204fb6c                fifo_datamsg_data
                0x0204fbac                fifo_buffer
                0x020503ac                fifo_value32_func
                0x020503ec                fifo_address_func
                0x0205042c                fifo_value32_data
                0x0205046c                fifo_value32_queue
                0x020504ac                fifo_data_queue
                0x020504ec                fifo_address_data
                0x0205052c                fifo_datamsg_func
                0x0205056c                fifo_address_queue
 COMMON         0x020505ac        0x4 C:/devkitPro/libnds/lib\libnds9.a(timeSupport.o)
                0x020505ac                punixTime
                0x020505b0                . = ALIGN (0x4)
                0x020505b0                __bss_end__ = ABSOLUTE (.)
                0x020505b0                __end__ = ABSOLUTE (.)

.twl            0x020505b0      0x158 load address 0x02400000
                0x02400000                __arm9i_lma__ = LOADADDR (.twl)
                0x020505b0                __arm9i_start__ = ABSOLUTE (.)
 *(.twl)
 *.twl*(.text .stub .text.* .gnu.linkonce.t.*)
 .text.sdio_ClearStatus
                0x020505b0        0x4 C:/devkitPro/libnds/lib\libnds9.a(sd.twl.o)
                0x020505b0                sdio_ClearStatus
 .text.sdio_Startup
                0x020505b4       0x50 C:/devkitPro/libnds/lib\libnds9.a(sd.twl.o)
                0x020505b4                sdio_Startup
 .text.sdio_Shutdown
                0x02050604        0x4 C:/devkitPro/libnds/lib\libnds9.a(sd.twl.o)
                0x02050604                sdio_Shutdown
 .text.sdio_IsInserted
                0x02050608       0x30 C:/devkitPro/libnds/lib\libnds9.a(sd.twl.o)
                0x02050608                sdio_IsInserted
 .text.sdio_ReadSectors
                0x02050638       0x50 C:/devkitPro/libnds/lib\libnds9.a(sd.twl.o)
                0x02050638                sdio_ReadSectors
 .text.sdio_WriteSectors
                0x02050688       0x50 C:/devkitPro/libnds/lib\libnds9.a(sd.twl.o)
                0x02050688                sdio_WriteSectors
 .text.sdio_WriteSectors.__stub
                0x020506d8       0x10 linker stubs
 *.twl*(.rodata)
 *.twl*(.roda)
 *.twl*(.rodata.*)
 .rodata.__io_dsisd
                0x020506e8       0x20 C:/devkitPro/libnds/lib\libnds9.a(sd.twl.o)
                0x020506e8                __io_dsisd
 *.twl*(.data)
 *.twl*(.data.*)
 *.twl*(.gnu.linkonce.d*)
                0x02050708                __arm9i_end__ = ABSOLUTE (.)

.rel.dyn        0x02050708        0x0 load address 0x02400158
 .rel.iplt      0x02050708        0x0 c:/devkitpro/devkitarm/bin/../lib/gcc/arm-none-eabi/7.1.0/../../../../arm-none-eabi/lib/thumb/ds_arm9_crt0.o

.twl_bss        0x02050708        0x0
                0x02050708                __twl_bss_start__ = ABSOLUTE (.)
 *(.twl_bss)
 *.twl*(.dynbss)
 *.twl*(.gnu.linkonce.b*)
 *.twl*(.bss*)
 *.twl*(COMMON)
                0x02050708                . = ALIGN (0x4)
                0x02050708                __twl_bss_end__ = ABSOLUTE (.)
                0x02050708                __twl_end__ = ABSOLUTE (.)

.stab
 *(.stab)

.stabstr
 *(.stabstr)

.stab.excl
 *(.stab.excl)

.stab.exclstr
 *(.stab.exclstr)

.stab.index
 *(.stab.index)

.stab.indexstr
 *(.stab.indexstr)

.comment        0x00000000       0x44
 *(.comment)
 .comment       0x00000000       0x22 c:/devkitpro/devkitarm/bin/../lib/gcc/arm-none-eabi/7.1.0/thumb/crtbegin.o
                                 0x23 (size before relaxing)
 .comment       0x00000022       0x23 main.o
 .comment       0x00000022       0x23 chip8.o
 .comment       0x00000022       0x23 C:/devkitPro/libnds/lib\libfat.a(libfat.o)
 .comment       0x00000022       0x23 C:/devkitPro/libnds/lib\libfat.a(partition.o)
 .comment       0x00000022       0x23 C:/devkitPro/libnds/lib\libfat.a(lock.o)
 .comment       0x00000022       0x23 C:/devkitPro/libnds/lib\libfat.a(fatdir.o)
 .comment       0x00000022       0x23 C:/devkitPro/libnds/lib\libfat.a(cache.o)
 .comment       0x00000022       0x23 C:/devkitPro/libnds/lib\libfat.a(fatfile.o)
 .comment       0x00000022       0x23 C:/devkitPro/libnds/lib\libfat.a(disc.o)
 .comment       0x00000022       0x23 C:/devkitPro/libnds/lib\libfat.a(file_allocation_table.o)